Component: ARM Compiler 5.06 update 6 (build 750) Tool: armlink [4d35ed]

==============================================================================

Section Cross References

    main.o(i.TempHumi_State) refers to _printf_percent.o(.ARM.Collect$$_printf_percent$$00000000) for _printf_percent
    main.o(i.TempHumi_State) refers to _printf_f.o(.ARM.Collect$$_printf_percent$$00000003) for _printf_f
    main.o(i.TempHumi_State) refers to printf1.o(x$fpl$printf1) for _printf_fp_dec
    main.o(i.TempHumi_State) refers to aht10.o(i.AHT10_Data) for AHT10_Data
    main.o(i.TempHumi_State) refers to usart1.o(i.u1_printf) for u1_printf
    main.o(i.TempHumi_State) refers to __2sprintf.o(.text) for __2sprintf
    main.o(i.TempHumi_State) refers to strlen.o(.text) for strlen
    main.o(i.TempHumi_State) refers to mqtt.o(i.MQTT_PublishQs0) for MQTT_PublishQs0
    main.o(i.TempHumi_State) refers to main.o(.conststring) for .conststring
    main.o(i.main) refers to delay.o(i.Delay_Init) for Delay_Init
    main.o(i.main) refers to usart1.o(i.Usart1_Init) for Usart1_Init
    main.o(i.main) refers to usart2.o(i.Usart2_Init) for Usart2_Init
    main.o(i.main) refers to timer4.o(i.TIM4_Init) for TIM4_Init
    main.o(i.main) refers to led.o(i.LED_Init) for LED_Init
    main.o(i.main) refers to key.o(i.KEY_Init) for KEY_Init
    main.o(i.main) refers to iic.o(i.IIC_Init) for IIC_Init
    main.o(i.main) refers to aht10.o(i.AHT10_Init) for AHT10_Init
    main.o(i.main) refers to wifi.o(i.WiFi_ResetIO_Init) for WiFi_ResetIO_Init
    main.o(i.main) refers to mqtt.o(i.MQTT_Buff_Init) for MQTT_Buff_Init
    main.o(i.main) refers to mqtt.o(i.AliIoT_Parameter_Init) for AliIoT_Parameter_Init
    main.o(i.main) refers to usart1.o(i.u1_printf) for u1_printf
    main.o(i.main) refers to usart2.o(i.u2_TxData) for u2_TxData
    main.o(i.main) refers to timer3.o(i.TIM3_ENABLE_30S) for TIM3_ENABLE_30S
    main.o(i.main) refers to timer2.o(i.TIM2_ENABLE_30S) for TIM2_ENABLE_30S
    main.o(i.main) refers to main.o(i.TempHumi_State) for TempHumi_State
    main.o(i.main) refers to mqtt.o(i.MQTT_DealPushdata_Qs0) for MQTT_DealPushdata_Qs0
    main.o(i.main) refers to stm32f10x_tim.o(i.TIM_Cmd) for TIM_Cmd
    main.o(i.main) refers to rt_memclr.o(.text) for __aeabi_memclr
    main.o(i.main) refers to wifi.o(i.WiFi_Connect_IoTServer) for WiFi_Connect_IoTServer
    main.o(i.main) refers to mqtt.o(i.MQTT_Buff_ReInit) for MQTT_Buff_ReInit
    main.o(i.main) refers to mqtt.o(.data) for Connect_flag
    main.o(i.main) refers to mqtt.o(.bss) for MQTT_TxDataBuf
    main.o(i.main) refers to usart2.o(.data) for Usart2_RxCounter
    main.o(i.main) refers to usart2.o(.bss) for Usart2_RxBuff
    delay.o(i.Delay_Init) refers to misc.o(i.SysTick_CLKSourceConfig) for SysTick_CLKSourceConfig
    usart1.o(i.Usart1_Init) refers to stm32f10x_rcc.o(i.RCC_APB2PeriphClockCmd) for RCC_APB2PeriphClockCmd
    usart1.o(i.Usart1_Init) refers to stm32f10x_gpio.o(i.GPIO_Init) for GPIO_Init
    usart1.o(i.Usart1_Init) refers to stm32f10x_usart.o(i.USART_Init) for USART_Init
    usart1.o(i.Usart1_Init) refers to stm32f10x_usart.o(i.USART_Cmd) for USART_Cmd
    usart1.o(i.u1_printf) refers to c89vsprintf.o(.text) for __c89vsprintf
    usart1.o(i.u1_printf) refers to strlen.o(.text) for strlen
    usart1.o(i.u1_printf) refers to usart1.o(.bss) for Usart1_TxBuff
    timer4.o(i.TIM4_Init) refers to misc.o(i.NVIC_PriorityGroupConfig) for NVIC_PriorityGroupConfig
    timer4.o(i.TIM4_Init) refers to stm32f10x_rcc.o(i.RCC_APB1PeriphClockCmd) for RCC_APB1PeriphClockCmd
    timer4.o(i.TIM4_Init) refers to stm32f10x_tim.o(i.TIM_TimeBaseInit) for TIM_TimeBaseInit
    timer4.o(i.TIM4_Init) refers to stm32f10x_tim.o(i.TIM_ClearITPendingBit) for TIM_ClearITPendingBit
    timer4.o(i.TIM4_Init) refers to stm32f10x_tim.o(i.TIM_ITConfig) for TIM_ITConfig
    timer4.o(i.TIM4_Init) refers to stm32f10x_tim.o(i.TIM_Cmd) for TIM_Cmd
    timer4.o(i.TIM4_Init) refers to misc.o(i.NVIC_Init) for NVIC_Init
    stm32f10x_it.o(i.TIM2_IRQHandler) refers to stm32f10x_tim.o(i.TIM_GetITStatus) for TIM_GetITStatus
    stm32f10x_it.o(i.TIM2_IRQHandler) refers to main.o(i.TempHumi_State) for TempHumi_State
    stm32f10x_it.o(i.TIM2_IRQHandler) refers to stm32f10x_tim.o(i.TIM_ClearITPendingBit) for TIM_ClearITPendingBit
    stm32f10x_it.o(i.TIM3_IRQHandler) refers to stm32f10x_tim.o(i.TIM_GetITStatus) for TIM_GetITStatus
    stm32f10x_it.o(i.TIM3_IRQHandler) refers to mqtt.o(i.MQTT_PingREQ) for MQTT_PingREQ
    stm32f10x_it.o(i.TIM3_IRQHandler) refers to timer3.o(i.TIM3_ENABLE_2S) for TIM3_ENABLE_2S
    stm32f10x_it.o(i.TIM3_IRQHandler) refers to stm32f10x_tim.o(i.TIM_Cmd) for TIM_Cmd
    stm32f10x_it.o(i.TIM3_IRQHandler) refers to stm32f10x_tim.o(i.TIM_ClearITPendingBit) for TIM_ClearITPendingBit
    stm32f10x_it.o(i.TIM3_IRQHandler) refers to mqtt.o(.data) for Ping_flag
[...]
    i.RCC_APB2PeriphResetCmd                 0x08002c1c   Section        0  stm32f10x_rcc.o(i.RCC_APB2PeriphResetCmd)
    i.RCC_GetClocksFreq                      0x08002c3c   Section        0  stm32f10x_rcc.o(i.RCC_GetClocksFreq)
    i.SVC_Handler                            0x08002d10   Section        0  stm32f10x_it.o(i.SVC_Handler)
    i.SetSysClock                            0x08002d12   Section        0  system_stm32f10x.o(i.SetSysClock)
    SetSysClock                              0x08002d13   Thumb Code     8  system_stm32f10x.o(i.SetSysClock)
    i.SetSysClockTo72                        0x08002d1c   Section        0  system_stm32f10x.o(i.SetSysClockTo72)
    SetSysClockTo72                          0x08002d1d   Thumb Code   214  system_stm32f10x.o(i.SetSysClockTo72)
    i.SysTick_CLKSourceConfig                0x08002dfc   Section        0  misc.o(i.SysTick_CLKSourceConfig)
    i.SysTick_Handler                        0x08002e38   Section        0  stm32f10x_it.o(i.SysTick_Handler)
    i.SystemInit                             0x08002e3c   Section        0  system_stm32f10x.o(i.SystemInit)
    i.TIM2_ENABLE_30S                        0x08002e9c   Section        0  timer2.o(i.TIM2_ENABLE_30S)
    i.TIM2_IRQHandler                        0x08002f12   Section        0  stm32f10x_it.o(i.TIM2_IRQHandler)
    i.TIM3_ENABLE_2S                         0x08002f2c   Section        0  timer3.o(i.TIM3_ENABLE_2S)
    i.TIM3_ENABLE_30S                        0x08002fa4   Section        0  timer3.o(i.TIM3_ENABLE_30S)
    i.TIM3_IRQHandler                        0x0800301c   Section        0  stm32f10x_it.o(i.TIM3_IRQHandler)
    i.TIM4_IRQHandler                        0x08003088   Section        0  stm32f10x_it.o(i.TIM4_IRQHandler)
    i.TIM4_Init                              0x08003120   Section        0  timer4.o(i.TIM4_Init)
    i.TIM_ClearITPendingBit                  0x08003190   Section        0  stm32f10x_tim.o(i.TIM_ClearITPendingBit)
    i.TIM_Cmd                                0x08003196   Section        0  stm32f10x_tim.o(i.TIM_Cmd)
    i.TIM_DeInit                             0x080031b0   Section        0  stm32f10x_tim.o(i.TIM_DeInit)
    i.TIM_GetITStatus                        0x08003398   Section        0  stm32f10x_tim.o(i.TIM_GetITStatus)
    i.TIM_ITConfig                           0x080033ba   Section        0  stm32f10x_tim.o(i.TIM_ITConfig)
    i.TIM_SetCounter                         0x080033cc   Section        0  stm32f10x_tim.o(i.TIM_SetCounter)
    i.TIM_TimeBaseInit                       0x080033d0   Section        0  stm32f10x_tim.o(i.TIM_TimeBaseInit)
    i.TempHumi_State                         0x08003474   Section        0  main.o(i.TempHumi_State)
    i.TxDataBuf_Deal                         0x0800350c   Section        0  mqtt.o(i.TxDataBuf_Deal)
    i.USART2_IRQHandler                      0x08003570   Section        0  stm32f10x_it.o(i.USART2_IRQHandler)
    i.USART_ClearFlag                        0x080035ec   Section        0  stm32f10x_usart.o(i.USART_ClearFlag)
    i.USART_Cmd                              0x080035fe   Section        0  stm32f10x_usart.o(i.USART_Cmd)
    i.USART_DeInit                           0x08003618   Section        0  stm32f10x_usart.o(i.USART_DeInit)
    i.USART_GetITStatus                      0x080036b4   Section        0  stm32f10x_usart.o(i.USART_GetITStatus)
    i.USART_ITConfig                         0x08003708   Section        0  stm32f10x_usart.o(i.USART_ITConfig)
    i.USART_Init                             0x08003754   Section        0  stm32f10x_usart.o(i.USART_Init)
    i.UsageFault_Handler                     0x0800382c   Section        0  stm32f10x_it.o(i.UsageFault_Handler)
    i.Usart1_Init                            0x08003830   Section        0  usart1.o(i.Usart1_Init)
    i.Usart2_Init                            0x080038b0   Section        0  usart2.o(i.Usart2_Init)
    i.WiFi_Connect_IoTServer                 0x08003968   Section        0  wifi.o(i.WiFi_Connect_IoTServer)
    i.WiFi_Connect_Server                    0x08003e78   Section        0  wifi.o(i.WiFi_Connect_Server)
    i.WiFi_JoinAP                            0x08003fcc   Section        0  wifi.o(i.WiFi_JoinAP)
    i.WiFi_Reset                             0x0800407c   Section        0  wifi.o(i.WiFi_Reset)
    i.WiFi_ResetIO_Init                      0x080040ec   Section        0  wifi.o(i.WiFi_ResetIO_Init)
    i.WiFi_SendCmd                           0x08004120   Section        0  wifi.o(i.WiFi_SendCmd)
    i.WiFi_Smartconfig                       0x08004194   Section        0  wifi.o(i.WiFi_Smartconfig)
    i.WiFi_WaitAP                            0x08004200   Section        0  wifi.o(i.WiFi_WaitAP)
    i.__ARM_fpclassify                       0x08004258   Section        0  fpclassify.o(i.__ARM_fpclassify)
    i._is_digit                              0x08004280   Section        0  __printf_wp.o(i._is_digit)
    i.main                                   0x08004290   Section        0  main.o(i.main)
    i.u1_printf                              0x080046fc   Section        0  usart1.o(i.u1_printf)
    i.u2_TxData                              0x08004758   Section        0  usart2.o(i.u2_TxData)
    i.u2_printf                              0x08004798   Section        0  usart2.o(i.u2_printf)
    i.utils_hb2hex                           0x080047f4   Section        0  utils_md5.o(i.utils_hb2hex)
    i.utils_hmac_sha1                        0x0800480c   Section        0  utils_hmac.o(i.utils_hmac_sha1)
    i.utils_sha1_finish                      0x080048f4   Section        0  utils_sha1.o(i.utils_sha1_finish)
    i.utils_sha1_init                        0x080049dc   Section        0  utils_sha1.o(i.utils_sha1_init)
    i.utils_sha1_process                     0x080049ec   Section        0  utils_sha1.o(i.utils_sha1_process)
    i.utils_sha1_starts                      0x08006308   Section        0  utils_sha1.o(i.utils_sha1_starts)
    i.utils_sha1_update                      0x08006334   Section        0  utils_sha1.o(i.utils_sha1_update)
    locale$$code                             0x080063b0   Section       44  lc_numeric_c.o(locale$$code)
    locale$$code                             0x080063dc   Section       44  lc_ctype_c.o(locale$$code)
    x$fpl$dadd                               0x08006408   Section      336  daddsub_clz.o(x$fpl$dadd)
    _dadd1                                   0x08006419   Thumb Code     0  daddsub_clz.o(x$fpl$dadd)
    x$fpl$ddiv                               0x08006558   Section      688  ddiv.o(x$fpl$ddiv)
    ddiv_entry                               0x0800655f   Thumb Code     0  ddiv.o(x$fpl$ddiv)
    x$fpl$dflt                               0x08006808   Section       46  dflt_clz.o(x$fpl$dflt)
    x$fpl$dmul                               0x08006838   Section      340  dmul.o(x$fpl$dmul)
    x$fpl$dnaninf                            0x0800698c   Section      156  dnaninf.o(x$fpl$dnaninf)
    x$fpl$dretinf                            0x08006a28   Section       12  dretinf.o(x$fpl$dretinf)
    x$fpl$dsub                               0x08006a34   Section      468  daddsub_clz.o(x$fpl$dsub)
    _dsub1                                   0x08006a45   Thumb Code     0  daddsub_clz.o(x$fpl$dsub)
    x$fpl$printf1                            0x08006c08   Section        4  printf1.o(x$fpl$printf1)
    .constdata                               0x08006c0c   Section       64  utils_sha1.o(.constdata)
    x$fpl$usenofp                            0x08006c0c   Section        0  usenofp.o(x$fpl$usenofp)
    iot_sha1_padding                         0x08006c0c   Data          64  utils_sha1.o(.constdata)
    .constdata                               0x08006c4c   Section       17  __printf_flags_ss_wp.o(.constdata)
    maptable                                 0x08006c4c   Data          17  __printf_flags_ss_wp.o(.constdata)
    .constdata                               0x08006c60   Section        8  _printf_wctomb.o(.constdata)
    initial_mbstate                          0x08006c60   Data           8  _printf_wctomb.o(.constdata)
    .constdata                               0x08006c68   Section       40  _printf_hex_int_ll_ptr.o(.constdata)
    uc_hextab                                0x08006c68   Data          20  _printf_hex_int_ll_ptr.o(.constdata)
    lc_hextab                                0x08006c7c   Data          20  _printf_hex_int_ll_ptr.o(.constdata)
    .constdata                               0x08006c90   Section      148  bigflt0.o(.constdata)
    tenpwrs_x                                0x08006c90   Data          60  bigflt0.o(.constdata)
    tenpwrs_i                                0x08006ccc   Data          64  bigflt0.o(.constdata)
    .conststring                             0x08006d24   Section      134  main.o(.conststring)
    locale$$data                             0x08006dcc   Section       28  lc_numeric_c.o(locale$$data)
    __lcnum_c_name                           0x08006dd0   Data           2  lc_numeric_c.o(locale$$data)
    __lcnum_c_start                          0x08006dd8   Data           0  lc_numeric_c.o(locale$$data)
    __lcnum_c_point                          0x08006de4   Data           0  lc_numeric_c.o(locale$$data)
    __lcnum_c_thousands                      0x08006de6   Data           0  lc_numeric_c.o(locale$$data)
    __lcnum_c_grouping                       0x08006de7   Data           0  lc_numeric_c.o(locale$$data)
    locale$$data                             0x08006de8   Section      272  lc_ctype_c.o(locale$$data)
    __lcnum_c_end                            0x08006de8   Data           0  lc_numeric_c.o(locale$$data)
    __lcctype_c_name                         0x08006dec   Data           2  lc_ctype_c.o(locale$$data)
    __lcctype_c_start                        0x08006df4   Data           0  lc_ctype_c.o(locale$$data)
    __lcctype_c_end                          0x08006ef8   Data           0  lc_ctype_c.o(locale$$data)
    .data                                    0x20000000   Section        8  usart2.o(.data)
    .data                                    0x20000008   Section        1  wifi.o(.data)
    .data                                    0x2000000c   Section       68  mqtt.o(.data)
    .data                                    0x20000050   Section       20  stm32f10x_rcc.o(.data)
    APBAHBPrescTable                         0x20000050   Data          16  stm32f10x_rcc.o(.data)
    ADCPrescTable                            0x20000060   Data           4  stm32f10x_rcc.o(.data)
    .bss                                     0x20000068   Section      256  usart1.o(.bss)
    .bss                                     0x20000168   Section     2048  usart2.o(.bss)
    .bss                                     0x20000968   Section    13312  mqtt.o(.bss)
    .bss                                     0x20003d68   Section       96  libspace.o(.bss)
    HEAP                                     0x20003dc8   Section      512  startup_stm32f10x_hd.o(HEAP)
    Heap_Mem                                 0x20003dc8   Data         512  startup_stm32f10x_hd.o(HEAP)
    STACK                                    0x20003fc8   Section     1024  startup_stm32f10x_hd.o(STACK)
    Stack_Mem                                0x20003fc8   Data        1024  startup_stm32f10x_hd.o(STACK)
    __initial_sp                             0x200043c8   Data           0  startup_stm32f10x_hd.o(STACK)

    Global Symbols

    Symbol Name                              Value     Ov Type        Size  Object(Section)

    BuildAttributes$$THM_ISAv4$P$D$K$B$S$PE$A:L22UL41UL21$X:L11$S22US41US21$IEEE1$IW$USESV6$~STKCKD$USESV7$~SHL$OTIME$ROPI$IEEEJ$EBA8$UX$STANDARDLIB$REQ8$PRES8$EABIv2 0x00000000   Number         0  anon$$obj.o ABSOLUTE
    __ARM_use_no_argv                        0x00000000   Number         0  main.o ABSOLUTE
    _printf_flags                            0x00000000   Number         0  printf_stubs.o ABSOLUTE
    _printf_return_value                     0x00000000   Number         0  printf_stubs.o ABSOLUTE
    _printf_sizespec                         0x00000000   Number         0  printf_stubs.o ABSOLUTE
    _printf_widthprec                        0x00000000   Number         0  printf_stubs.o ABSOLUTE
    __ARM_exceptions_init                     - Undefined Weak Reference
    __alloca_initialize                       - Undefined Weak Reference
    __arm_preinit_                            - Undefined Weak Reference
    __cpp_initialize__aeabi_                  - Undefined Weak Reference
    __cxa_finalize                            - Undefined Weak Reference
    __sigvec_lookup                           - Undefined Weak Reference
    _atexit_init                              - Undefined Weak Reference
    _call_atexit_fns                          - Undefined Weak Reference
    _clock_init                               - Undefined Weak Reference
    _fp_trap_init                             - Undefined Weak Reference
    _fp_trap_shutdown                         - Undefined Weak Reference
    _get_lc_collate                           - Undefined Weak Reference
    _get_lc_monetary                          - Undefined Weak Reference
    _get_lc_time                              - Undefined Weak Reference
    _getenv_init                              - Undefined Weak Reference
    _handle_redirection                       - Undefined Weak Reference
    _init_alloc                               - Undefined Weak Reference
    _init_user_alloc                          - Undefined Weak Reference
    _initio                                   - Undefined Weak Reference
    _printf_fp_hex                            - Undefined Weak Reference
    _printf_mbtowc                            - Undefined Weak Reference
    _printf_wc                                - Undefined Weak Reference
    _rand_init                                - Undefined Weak Reference
    _signal_finish                            - Undefined Weak Reference
    _signal_init                              - Undefined Weak Reference
    _terminate_alloc                          - Undefined Weak Reference
    _terminate_user_alloc                     - Undefined Weak Reference
    _terminateio                              - Undefined Weak Reference
    __Vectors_Size                           0x00000130   Number         0  startup_stm32f10x_hd.o ABSOLUTE
    __Vectors                                0x08000000   Data           4  startup_stm32f10x_hd.o(RESET)
    __Vectors_End                            0x08000130   Data           0  startup_stm32f10x_hd.o(RESET)
    __main                                   0x08000131   Thumb Code     8  __main.o(!!!main)
    __scatterload                            0x08000139   Thumb Code     0  __scatter.o(!!!scatter)
    __scatterload_rt2                        0x08000139   Thumb Code    44  __scatter.o(!!!scatter)
    __scatterload_rt2_thumb_only             0x08000139   Thumb Code     0  __scatter.o(!!!scatter)
    __scatterload_null                       0x08000147   Thumb Code     0  __scatter.o(!!!scatter)
    __scatterload_copy                       0x0800016d   Thumb Code    26  __scatter_copy.o(!!handler_copy)
    __scatterload_zeroinit                   0x08000189   Thumb Code    28  __scatter_zi.o(!!handler_zi)
    _printf_n                                0x080001a5   Thumb Code     0  _printf_n.o(.ARM.Collect$$_printf_percent$$00000001)
    _printf_percent                          0x080001a5   Thumb Code     0  _printf_percent.o(.ARM.Collect$$_printf_percent$$00000000)
    _printf_p                                0x080001ab   Thumb Code     0  _printf_p.o(.ARM.Collect$$_printf_percent$$00000002)
    _printf_f                                0x080001b1   Thumb Code     0  _printf_f.o(.ARM.Collect$$_printf_percent$$00000003)
    _printf_e                                0x080001b7   Thumb Code     0  _printf_e.o(.ARM.Collect$$_printf_percent$$00000004)
    _printf_g                                0x080001bd   Thumb Code     0  _printf_g.o(.ARM.Collect$$_printf_percent$$00000005)
    _printf_a                                0x080001c3   Thumb Code     0  _printf_a.o(.ARM.Collect$$_printf_percent$$00000006)
    _printf_ll                               0x080001c9   Thumb Code     0  _printf_ll.o(.ARM.Collect$$_printf_percent$$00000007)
    _printf_i                                0x080001d3   Thumb Code     0  _printf_i.o(.ARM.Collect$$_printf_percent$$00000008)
    _printf_d                                0x080001d9   Thumb Code     0  _printf_d.o(.ARM.Collect$$_printf_percent$$00000009)
    _printf_u                                0x080001df   Thumb Code     0  _printf_u.o(.ARM.Collect$$_printf_percent$$0000000A)
    _printf_o                                0x080001e5   Thumb Code     0  _printf_o.o(.ARM.Collect$$_printf_percent$$0000000B)
    _printf_x                                0x080001eb   Thumb Code     0  _printf_x.o(.ARM.Collect$$_printf_percent$$0000000C)
    _printf_lli                              0x080001f1   Thumb Code     0  _printf_lli.o(.ARM.Collect$$_printf_percent$$0000000D)
    _printf_lld                              0x080001f7   Thumb Code     0  _printf_lld.o(.ARM.Collect$$_printf_percent$$0000000E)
    _printf_llu                              0x080001fd   Thumb Code     0  _printf_llu.o(.ARM.Collect$$_printf_percent$$0000000F)
    _printf_llo                              0x08000203   Thumb Code     0  _printf_llo.o(.ARM.Collect$$_printf_percent$$00000010)
    _printf_llx                              0x08000209   Thumb Code     0  _printf_llx.o(.ARM.Collect$$_printf_percent$$00000011)
    _printf_l                                0x0800020f   Thumb Code     0  _printf_l.o(.ARM.Collect$$_printf_percent$$00000012)
    _printf_c                                0x08000219   Thumb Code     0  _printf_c.o(.ARM.Collect$$_printf_percent$$00000013)
    _printf_s                                0x0800021f   Thumb Code     0  _printf_s.o(.ARM.Collect$$_printf_percent$$00000014)
    _printf_lc                               0x08000225   Thumb Code     0  _printf_lc.o(.ARM.Collect$$_printf_percent$$00000015)
    _printf_ls                               0x0800022b   Thumb Code     0  _printf_ls.o(.ARM.Collect$$_printf_percent$$00000016)
    _printf_percent_end                      0x08000231   Thumb Code     0  _printf_percent_end.o(.ARM.Collect$$_printf_percent$$00000017)
    __rt_lib_init                            0x08000235   Thumb Code     0  libinit.o(.ARM.Collect$$libinit$$00000000)
    __rt_lib_init_fp_1                       0x08000237   Thumb Code     0  libinit2.o(.ARM.Collect$$libinit$$00000002)
    __rt_lib_init_heap_1                     0x08000237   Thumb Code     0  libinit2.o(.ARM.Collect$$libinit$$0000000A)
    __rt_lib_init_lc_common                  0x08000237   Thumb Code     0  libinit2.o(.ARM.Collect$$libinit$$0000000F)
    __rt_lib_init_preinit_1                  0x08000237   Thumb Code     0  libinit2.o(.ARM.Collect$$libinit$$00000004)
    __rt_lib_init_rand_1                     0x08000237   Thumb Code     0  libinit2.o(.ARM.Collect$$libinit$$0000000E)
    __rt_lib_init_user_alloc_1               0x08000237   Thumb Code     0  libinit2.o(.ARM.Collect$$libinit$$0000000C)
    __rt_lib_init_lc_collate_1               0x0800023d   Thumb Code     0  libinit2.o(.ARM.Collect$$libinit$$00000011)
    __rt_lib_init_lc_ctype_2                 0x0800023d   Thumb Code     0  libinit2.o(.ARM.Collect$$libinit$$00000012)
    __rt_lib_init_lc_ctype_1                 0x08000249   Thumb Code     0  libinit2.o(.ARM.Collect$$libinit$$00000013)
    __rt_lib_init_lc_monetary_1              0x08000249   Thumb Code     0  libinit2.o(.ARM.Collect$$libinit$$00000015)
    __rt_lib_init_lc_numeric_2               0x08000249   Thumb Code     0  libinit2.o(.ARM.Collect$$libinit$$00000016)
    __rt_lib_init_alloca_1                   0x08000253   Thumb Code     0  libinit2.o(.ARM.Collect$$libinit$$0000002E)
    __rt_lib_init_argv_1                     0x08000253   Thumb Code     0  libinit2.o(.ARM.Collect$$libinit$$0000002C)
    __rt_lib_init_atexit_1                   0x08000253   Thumb Code     0  libinit2.o(.ARM.Collect$$libinit$$0000001B)
    __rt_lib_init_clock_1                    0x08000253   Thumb Code     0  libinit2.o(.ARM.Collect$$libinit$$00000021)
    __rt_lib_init_cpp_1                      0x08000253   Thumb Code     0  libinit2.o(.ARM.Collect$$libinit$$00000032)
    __rt_lib_init_exceptions_1               0x08000253   Thumb Code     0  libinit2.o(.ARM.Collect$$libinit$$00000030)
    __rt_lib_init_fp_trap_1                  0x08000253   Thumb Code     0  libinit2.o(.ARM.Collect$$libinit$$0000001F)
    __rt_lib_init_getenv_1                   0x08000253   Thumb Code     0  libinit2.o(.ARM.Collect$$libinit$$00000023)
    __rt_lib_init_lc_numeric_1               0x08000253   Thumb Code     0  libinit2.o(.ARM.Collect$$libinit$$00000017)
    __rt_lib_init_lc_time_1                  0x08000253   Thumb Code     0  libinit2.o(.ARM.Collect$$libinit$$00000019)
    __rt_lib_init_return                     0x08000253   Thumb Code     0  libinit2.o(.ARM.Collect$$libinit$$00000033)
    __rt_lib_init_signal_1                   0x08000253   Thumb Code     0  libinit2.o(.ARM.Collect$$libinit$$0000001D)
    __rt_lib_init_stdio_1                    0x08000253   Thumb Code     0  libinit2.o(.ARM.Collect$$libinit$$00000025)
    __rt_lib_shutdown                        0x08000255   Thumb Code     0  libshutdown.o(.ARM.Collect$$libshutdown$$00000000)
    __rt_lib_shutdown_cpp_1                  0x08000257   Thumb Code     0  libshutdown2.o(.ARM.Collect$$libshutdown$$00000002)
    __rt_lib_shutdown_fp_trap_1              0x08000257   Thumb Code     0  libshutdown2.o(.ARM.Collect$$libshutdown$$00000007)
    __rt_lib_shutdown_heap_1                 0x08000257   Thumb Code     0  libshutdown2.o(.ARM.Collect$$libshutdown$$0000000F)
    __rt_lib_shutdown_return                 0x08000257   Thumb Code     0  libshutdown2.o(.ARM.Collect$$libshutdown$$00000010)
    __rt_lib_shutdown_signal_1               0x08000257   Thumb Code     0  libshutdown2.o(.ARM.Collect$$libshutdown$$0000000A)
    __rt_lib_shutdown_stdio_1                0x08000257   Thumb Code     0  libshutdown2.o(.ARM.Collect$$libshutdown$$00000004)
    __rt_lib_shutdown_user_alloc_1           0x08000257   Thumb Code     0  libshutdown2.o(.ARM.Collect$$libshutdown$$0000000C)
    __rt_entry                               0x08000259   Thumb Code     0  __rtentry.o(.ARM.Collect$$rtentry$$00000000)
    __rt_entry_presh_1                       0x08000259   Thumb Code     0  __rtentry2.o(.ARM.Collect$$rtentry$$00000002)
    __rt_entry_sh                            0x08000259   Thumb Code     0  __rtentry4.o(.ARM.Collect$$rtentry$$00000004)
    __rt_entry_li                            0x0800025f   Thumb Code     0  __rtentry2.o(.ARM.Collect$$rtentry$$0000000A)
    __rt_entry_postsh_1                      0x0800025f   Thumb Code     0  __rtentry2.o(.ARM.Collect$$rtentry$$00000009)
    __rt_entry_main                          0x08000263   Thumb Code     0  __rtentry2.o(.ARM.Collect$$rtentry$$0000000D)
    __rt_entry_postli_1                      0x08000263   Thumb Code     0  __rtentry2.o(.ARM.Collect$$rtentry$$0000000C)
    __rt_exit                                0x0800026b   Thumb Code     0  rtexit.o(.ARM.Collect$$rtexit$$00000000)
    __rt_exit_ls                             0x0800026d   Thumb Code     0  rtexit2.o(.ARM.Collect$$rtexit$$00000003)
    __rt_exit_prels_1                        0x0800026d   Thumb Code     0  rtexit2.o(.ARM.Collect$$rtexit$$00000002)
    __rt_exit_exit                           0x08000271   Thumb Code     0  rtexit2.o(.ARM.Collect$$rtexit$$00000004)
    Reset_Handler                            0x08000279   Thumb Code     8  startup_stm32f10x_hd.o(.text)
    ADC1_2_IRQHandler                        0x08000293   Thumb Code     0  startup_stm32f10x_hd.o(.text)
    ADC3_IRQHandler                          0x08000293   Thumb Code     0  startup_stm32f10x_hd.o(.text)
    CAN1_RX1_IRQHandler                      0x08000293   Thumb Code     0  startup_stm32f10x_hd.o(.text)
    CAN1_SCE_IRQHandler                      0x08000293   Thumb Code     0  startup_stm32f10x_hd.o(.text)
    DMA1_Channel1_IRQHandler                 0x08000293   Thumb Code     0  startup_stm32f10x_hd.o(.text)
    DMA1_Channel2_IRQHandler                 0x08000293   Thumb Code     0  startup_stm32f10x_hd.o(.text)
    DMA1_Channel3_IRQHandler                 0x08000293   Thumb Code     0  startup_stm32f10x_hd.o(.text)
    DMA1_Channel4_IRQHandler                 0x08000293   Thumb Code     0  startup_stm32f10x_hd.o(.text)
    DMA1_Channel5_IRQHandler                 0x08000293   Thumb Code     0  startup_stm32f10x_hd.o(.text)
    DMA1_Channel6_IRQHandler                 0x08000293   Thumb Code     0  startup_stm32f10x_hd.o(.text)
    DMA1_Channel7_IRQHandler                 0x08000293   Thumb Code     0  startup_stm32f10x_hd.o(.text)
    DMA2_Channel1_IRQHandler                 0x08000293   Thumb Code     0  startup_stm32f10x_hd.o(.text)
    DMA2_Channel2_IRQHandler                 0x08000293   Thumb Code     0  startup_stm32f10x_hd.o(.text)
    DMA2_Channel3_IRQHandler                 0x08000293   Thumb Code     0  startup_stm32f10x_hd.o(.text)
    DMA2_Channel4_5_IRQHandler               0x08000293   Thumb Code     0  startup_stm32f10x_hd.o(.text)
    EXTI0_IRQHandler                         0x08000293   Thumb Code     0  startup_stm32f10x_hd.o(.text)
    EXTI15_10_IRQHandler                     0x08000293   Thumb Code     0  startup_stm32f10x_hd.o(.text)
    EXTI1_IRQHandler                         0x08000293   Thumb Code     0  startup_stm32f10x_hd.o(.text)
    EXTI2_IRQHandler                         0x08000293   Thumb Code     0  startup_stm32f10x_hd.o(.text)
    EXTI3_IRQHandler                         0x08000293   Thumb Code     0  startup_stm32f10x_hd.o(.text)
    EXTI4_IRQHandler                         0x08000293   Thumb Code     0  startup_stm32f10x_hd.o(.text)
    EXTI9_5_IRQHandler                       0x08000293   Thumb Code     0  startup_stm32f10x_hd.o(.text)
    FLASH_IRQHandler                         0x08000293   Thumb Code     0  startup_stm32f10x_hd.o(.text)
    FSMC_IRQHandler                          0x08000293   Thumb Code     0  startup_stm32f10x_hd.o(.text)
    I2C1_ER_IRQHandler                       0x08000293   Thumb Code     0  startup_stm32f10x_hd.o(.text)
    I2C1_EV_IRQHandler                       0x08000293   Thumb Code     0  startup_stm32f10x_hd.o(.text)
    I2C2_ER_IRQHandler                       0x08000293   Thumb Code     0  startup_stm32f10x_hd.o(.text)
    I2C2_EV_IRQHandler                       0x08000293   Thumb Code     0  startup_stm32f10x_hd.o(.text)
    PVD_IRQHandler                           0x08000293   Thumb Code     0  startup_stm32f10x_hd.o(.text)
    RCC_IRQHandler                           0x08000293   Thumb Code     0  startup_stm32f10x_hd.o(.text)
    RTCAlarm_IRQHandler                      0x08000293   Thumb Code     0  startup_stm32f10x_hd.o(.text)
    RTC_IRQHandler                           0x08000293   Thumb Code     0  startup_stm32f10x_hd.o(.text)
    SDIO_IRQHandler                          0x08000293   Thumb Code     0  startup_stm32f10x_hd.o(.text)
    SPI1_IRQHandler                          0x08000293   Thumb Code     0  startup_stm32f10x_hd.o(.text)
    SPI2_IRQHandler                          0x08000293   Thumb Code     0  startup_stm32f10x_hd.o(.text)
    SPI3_IRQHandler                          0x08000293   Thumb Code     0  startup_stm32f10x_hd.o(.text)
    TAMPER_IRQHandler                        0x08000293   Thumb Code     0  startup_stm32f10x_hd.o(.text)
    TIM1_BRK_IRQHandler                      0x08000293   Thumb Code     0  startup_stm32f10x_hd.o(.text)
    TIM1_CC_IRQHandler                       0x08000293   Thumb Code     0  startup_stm32f10x_hd.o(.text)
    TIM1_TRG_COM_IRQHandler                  0x08000293   Thumb Code     0  startup_stm32f10x_hd.o(.text)
    TIM1_UP_IRQHandler                       0x08000293   Thumb Code     0  startup_stm32f10x_hd.o(.text)
    TIM5_IRQHandler                          0x08000293   Thumb Code     0  startup_stm32f10x_hd.o(.text)
    TIM6_IRQHandler                          0x08000293   Thumb Code     0  startup_stm32f10x_hd.o(.text)
    TIM7_IRQHandler                          0x08000293   Thumb Code     0  startup_stm32f10x_hd.o(.text)
    TIM8_BRK_IRQHandler                      0x08000293   Thumb Code     0  startup_stm32f10x_hd.o(.text)
    TIM8_CC_IRQHandler                       0x08000293   Thumb Code     0  startup_stm32f10x_hd.o(.text)
    TIM8_TRG_COM_IRQHandler                  0x08000293   Thumb Code     0  startup_stm32f10x_hd.o(.text)
    TIM8_UP_IRQHandler                       0x08000293   Thumb Code     0  startup_stm32f10x_hd.o(.text)
    UART4_IRQHandler                         0x08000293   Thumb Code     0  startup_stm32f10x_hd.o(.text)
    UART5_IRQHandler                         0x08000293   Thumb Code     0  startup_stm32f10x_hd.o(.text)
    USART1_IRQHandler                        0x08000293   Thumb Code     0  startup_stm32f10x_hd.o(.text)
    USART3_IRQHandler                        0x08000293   Thumb Code     0  startup_stm32f10x_hd.o(.text)
    USBWakeUp_IRQHandler                     0x08000293   Thumb Code     0  startup_stm32f10x_hd.o(.text)
    USB_HP_CAN1_TX_IRQHandler                0x08000293   Thumb Code     0  startup_stm32f10x_hd.o(.text)
    USB_LP_CAN1_RX0_IRQHandler               0x08000293   Thumb Code     0  startup_stm32f10x_hd.o(.text)
    WWDG_IRQHandler                          0x08000293   Thumb Code     0  startup_stm32f10x_hd.o(.text)
    __user_initial_stackheap                 0x08000295   Thumb Code     0  startup_stm32f10x_hd.o(.text)
    __c89vsprintf                            0x080002b9   Thumb Code    32  c89vsprintf.o(.text)
    __2sprintf                               0x080002dd   Thumb Code    38  __2sprintf.o(.text)
    _printf_str                              0x08000309   Thumb Code    82  _printf_str.o(.text)
    __printf                                 0x0800035d   Thumb Code   388  __printf_flags_ss_wp.o(.text)
    strstr                                   0x080004e5   Thumb Code    36  strstr.o(.text)
    strlen                                   0x08000509   Thumb Code    62  strlen.o(.text)
    __aeabi_memcpy                           0x08000547   Thumb Code     0  rt_memcpy_v6.o(.text)
    __rt_memcpy                              0x08000547   Thumb Code   138  rt_memcpy_v6.o(.text)
    _memcpy_lastbytes                        0x080005ad   Thumb Code     0  rt_memcpy_v6.o(.text)
    __aeabi_memcpy4                          0x080005d1   Thumb Code     0  rt_memcpy_w.o(.text)
    __aeabi_memcpy8                          0x080005d1   Thumb Code     0  rt_memcpy_w.o(.text)
    __rt_memcpy_w                            0x080005d1   Thumb Code   100  rt_memcpy_w.o(.text)
    _memcpy_lastbytes_aligned                0x08000619   Thumb Code     0  rt_memcpy_w.o(.text)
    __aeabi_memset                           0x08000635   Thumb Code    16  aeabi_memset.o(.text)
    __aeabi_memclr                           0x08000645   Thumb Code     0  rt_memclr.o(.text)
    __rt_memclr                              0x08000645   Thumb Code    68  rt_memclr.o(.text)
    _memset                                  0x08000649   Thumb Code     0  rt_memclr.o(.text)
    __aeabi_memclr4                          0x08000689   Thumb Code     0  rt_memclr_w.o(.text)
    __aeabi_memclr8                          0x08000689   Thumb Code     0  rt_memclr_w.o(.text)
    __rt_memclr_w                            0x08000689   Thumb Code    78  rt_memclr_w.o(.text)
    _memset_w                                0x0800068d   Thumb Code     0  rt_memclr_w.o(.text)
    __use_two_region_memory                  0x080006d7   Thumb Code     2  heapauxi.o(.text)
    __rt_heap_escrow$2region                 0x080006d9   Thumb Code     2  heapauxi.o(.text)
    __rt_heap_expand$2region                 0x080006db   Thumb Code     2  heapauxi.o(.text)
    _printf_pre_padding                      0x080006dd   Thumb Code    44  _printf_pad.o(.text)
    _printf_post_padding                     0x08000709   Thumb Code    34  _printf_pad.o(.text)
    _printf_truncate_signed                  0x0800072b   Thumb Code    18  _printf_truncate.o(.text)
    _printf_truncate_unsigned                0x0800073d   Thumb Code    18  _printf_truncate.o(.text)
    _printf_int_dec                          0x08000751   Thumb Code   104  _printf_dec.o(.text)
    _printf_charcount                        0x080007c9   Thumb Code    40  _printf_charcount.o(.text)
    __lib_sel_fp_printf                      0x080007f1   Thumb Code     2  _printf_fp_dec.o(.text)
    _printf_fp_dec_real                      0x080009a3   Thumb Code   620  _printf_fp_dec.o(.text)
    _printf_char_common                      0x08000c1b   Thumb Code    32  _printf_char_common.o(.text)
    _sputc                                   0x08000c41   Thumb Code    10  _sputc.o(.text)
    _printf_cs_common                        0x08000c4b   Thumb Code    20  _printf_char.o(.text)
    _printf_char                             0x08000c5f   Thumb Code    16  _printf_char.o(.text)
    _printf_string                           0x08000c6f   Thumb Code     8  _printf_char.o(.text)
    _printf_wctomb                           0x08000c79   Thumb Code   182  _printf_wctomb.o(.text)
    _printf_longlong_dec                     0x08000d35   Thumb Code   108  _printf_longlong_dec.o(.text)
    _printf_longlong_oct                     0x08000db1   Thumb Code    66  _printf_oct_int_ll.o(.text)
    _printf_int_oct                          0x08000df3   Thumb Code    24  _printf_oct_int_ll.o(.text)
    _printf_ll_oct                           0x08000e0b   Thumb Code    12  _printf_oct_int_ll.o(.text)
    _printf_longlong_hex                     0x08000e21   Thumb Code    86  _printf_hex_int_ll_ptr.o(.text)
    _printf_int_hex                          0x08000e77   Thumb Code    28  _printf_hex_int_ll_ptr.o(.text)
    _printf_ll_hex                           0x08000e93   Thumb Code    12  _printf_hex_int_ll_ptr.o(.text)
    _printf_hex_ptr                          0x08000e9f   Thumb Code    18  _printf_hex_int_ll_ptr.o(.text)
    __rt_locale                              0x08000eb5   Thumb Code     8  rt_locale_intlibspace.o(.text)
    _ll_udiv10                               0x08000ebd   Thumb Code   138  lludiv10.o(.text)
    _printf_int_common                       0x08000f47   Thumb Code   178  _printf_intcommon.o(.text)
    _printf_fp_infnan                        0x08000ff9   Thumb Code   112  _printf_fp_infnan.o(.text)
    _printf_lcs_common                       0x08001079   Thumb Code    20  _printf_wchar.o(.text)
    _printf_wchar                            0x0800108d   Thumb Code    16  _printf_wchar.o(.text)
    _printf_wstring                          0x0800109d   Thumb Code     8  _printf_wchar.o(.text)
    _btod_etento                             0x080010a5   Thumb Code   224  bigflt0.o(.text)
    _wcrtomb                                 0x08001189   Thumb Code    64  _wcrtomb.o(.text)
    __user_libspace                          0x080011c9   Thumb Code     8  libspace.o(.text)
    __user_perproc_libspace                  0x080011c9   Thumb Code     0  libspace.o(.text)
    __user_perthread_libspace                0x080011c9   Thumb Code     0  libspace.o(.text)
    __user_setup_stackheap                   0x080011d1   Thumb Code    74  sys_stackheap_outer.o(.text)
    __rt_ctype_table                         0x0800121d   Thumb Code    16  rt_ctype_table.o(.text)
    exit                                     0x0800122d   Thumb Code    18  exit.o(.text)
    strcmp                                   0x08001241   Thumb Code   128  strcmpv7m.o(.text)
    _sys_exit                                0x080012c1   Thumb Code     8  sys_exit.o(.text)
    __I$use$semihosting                      0x080012cd   Thumb Code     0  use_no_semi.o(.text)
    __use_no_semihosting_swi                 0x080012cd   Thumb Code     2  use_no_semi.o(.text)
    __semihosting_library_function           0x080012cf   Thumb Code     0  indicate_semi.o(.text)
    _btod_d2e                                0x080012cf   Thumb Code    62  btod.o(CL$$btod_d2e)
    _d2e_denorm_low                          0x0800130d   Thumb Code    70  btod.o(CL$$btod_d2e_denorm_low)
    _d2e_norm_op1                            0x08001353   Thumb Code    96  btod.o(CL$$btod_d2e_norm_op1)
    __btod_div_common                        0x080013b3   Thumb Code   696  btod.o(CL$$btod_div_common)
    _e2e                                     0x080016eb   Thumb Code   220  btod.o(CL$$btod_e2e)
    _btod_ediv                               0x080017c7   Thumb Code    42  btod.o(CL$$btod_ediv)
    _btod_emul                               0x080017f1   Thumb Code    42  btod.o(CL$$btod_emul)
    __btod_mult_common                       0x0800181b   Thumb Code   580  btod.o(CL$$btod_mult_common)
    AHT10_Data                               0x08001a61   Thumb Code   254  aht10.o(i.AHT10_Data)
    AHT10_Init                               0x08001b71   Thumb Code   146  aht10.o(i.AHT10_Init)
    AHT10_ReadData                           0x08001c03   Thumb Code    52  aht10.o(i.AHT10_ReadData)
    AHT10_ReadStatus                         0x08001c37   Thumb Code    32  aht10.o(i.AHT10_ReadStatus)
    AHT10_Read_CalEnable                     0x08001c57   Thumb Code    26  aht10.o(i.AHT10_Read_CalEnable)
    AHT10_Reset                              0x08001c71   Thumb Code    32  aht10.o(i.AHT10_Reset)
    AT24C02_ReadOneByte                      0x08001c91   Thumb Code    66  24c02.o(i.AT24C02_ReadOneByte)
    AliIoT_Parameter_Init                    0x08001cd5   Thumb Code   194  mqtt.o(i.AliIoT_Parameter_Init)
    BusFault_Handler                         0x08001eb1   Thumb Code     2  stm32f10x_it.o(i.BusFault_Handler)
    CMDBuf_Deal                              0x08001eb5   Thumb Code    96  mqtt.o(i.CMDBuf_Deal)
    DebugMon_Handler                         0x08001f21   Thumb Code     2  stm32f10x_it.o(i.DebugMon_Handler)
    Delay_Init                               0x08001f23   Thumb Code    12  delay.o(i.Delay_Init)
    Delay_Ms                                 0x08001f31   Thumb Code   242  delay.o(i.Delay_Ms)
    Delay_Us                                 0x08002029   Thumb Code    66  delay.o(i.Delay_Us)
    GPIO_Init                                0x0800206b   Thumb Code   278  stm32f10x_gpio.o(i.GPIO_Init)
    GPIO_ReadInputDataBit                    0x08002181   Thumb Code    18  stm32f10x_gpio.o(i.GPIO_ReadInputDataBit)
    GPIO_ResetBits                           0x08002193   Thumb Code     4  stm32f10x_gpio.o(i.GPIO_ResetBits)
    GPIO_SetBits                             0x08002197   Thumb Code     4  stm32f10x_gpio.o(i.GPIO_SetBits)
    GPIO_WriteBit                            0x0800219b   Thumb Code    10  stm32f10x_gpio.o(i.GPIO_WriteBit)
    HardFault_Handler                        0x080021a5   Thumb Code     2  stm32f10x_it.o(i.HardFault_Handler)
    IIC_Init                                 0x080021a9   Thumb Code    54  iic.o(i.IIC_Init)
    IIC_Read_Byte                            0x080021e5   Thumb Code   234  iic.o(i.IIC_Read_Byte)
    IIC_Send_Byte                            0x080022d5   Thumb Code    90  iic.o(i.IIC_Send_Byte)
    IIC_Start                                0x08002335   Thumb Code    56  iic.o(i.IIC_Start)
    IIC_Stop                                 0x08002371   Thumb Code    56  iic.o(i.IIC_Stop)
    IIC_Wait_Ack                             0x080023ad   Thumb Code   104  iic.o(i.IIC_Wait_Ack)
    KEY_Init                                 0x08002419   Thumb Code    52  key.o(i.KEY_Init)
    LED_AllOff                               0x08002451   Thumb Code    36  led.o(i.LED_AllOff)
    LED_Init                                 0x0800247d   Thumb Code    74  led.o(i.LED_Init)
    MQTT_Buff_Init                           0x080024d1   Thumb Code    80  mqtt.o(i.MQTT_Buff_Init)
    MQTT_Buff_ReInit                         0x0800256d   Thumb Code   172  mqtt.o(i.MQTT_Buff_ReInit)
    MQTT_ConectPack                          0x0800266d   Thumb Code   496  mqtt.o(i.MQTT_ConectPack)
    MQTT_DealPushdata_Qs0                    0x08002885   Thumb Code   238  mqtt.o(i.MQTT_DealPushdata_Qs0)
    MQTT_PingREQ                             0x08002991   Thumb Code    22  mqtt.o(i.MQTT_PingREQ)
    MQTT_PublishQs0                          0x080029ad   Thumb Code   220  mqtt.o(i.MQTT_PublishQs0)
    MQTT_Subscribe                           0x08002a99   Thumb Code   134  mqtt.o(i.MQTT_Subscribe)
    MemManage_Handler                        0x08002b31   Thumb Code     2  stm32f10x_it.o(i.MemManage_Handler)
    NMI_Handler                              0x08002b33   Thumb Code     2  stm32f10x_it.o(i.NMI_Handler)
    NVIC_Init                                0x08002b35   Thumb Code   100  misc.o(i.NVIC_Init)
    NVIC_PriorityGroupConfig                 0x08002ba5   Thumb Code    10  misc.o(i.NVIC_PriorityGroupConfig)
    PendSV_Handler                           0x08002bb9   Thumb Code     2  stm32f10x_it.o(i.PendSV_Handler)
    RCC_APB1PeriphClockCmd                   0x08002bbd   Thumb Code    26  stm32f10x_rcc.o(i.RCC_APB1PeriphClockCmd)
    RCC_APB1PeriphResetCmd                   0x08002bdd   Thumb Code    26  stm32f10x_rcc.o(i.RCC_APB1PeriphResetCmd)
    RCC_APB2PeriphClockCmd                   0x08002bfd   Thumb Code    26  stm32f10x_rcc.o(i.RCC_APB2PeriphClockCmd)
    RCC_APB2PeriphResetCmd                   0x08002c1d   Thumb Code    26  stm32f10x_rcc.o(i.RCC_APB2PeriphResetCmd)
    RCC_GetClocksFreq                        0x08002c3d   Thumb Code   192  stm32f10x_rcc.o(i.RCC_GetClocksFreq)
    SVC_Handler                              0x08002d11   Thumb Code     2  stm32f10x_it.o(i.SVC_Handler)
    SysTick_CLKSourceConfig                  0x08002dfd   Thumb Code    60  misc.o(i.SysTick_CLKSourceConfig)
    SysTick_Handler                          0x08002e39   Thumb Code     2  stm32f10x_it.o(i.SysTick_Handler)
    SystemInit                               0x08002e3d   Thumb Code    78  system_stm32f10x.o(i.SystemInit)
    TIM2_ENABLE_30S                          0x08002e9d   Thumb Code   118  timer2.o(i.TIM2_ENABLE_30S)
    TIM2_IRQHandler                          0x08002f13   Thumb Code    26  stm32f10x_it.o(i.TIM2_IRQHandler)
    TIM3_ENABLE_2S                           0x08002f2d   Thumb Code   116  timer3.o(i.TIM3_ENABLE_2S)
    TIM3_ENABLE_30S                          0x08002fa5   Thumb Code   114  timer3.o(i.TIM3_ENABLE_30S)
    TIM3_IRQHandler                          0x0800301d   Thumb Code    94  stm32f10x_it.o(i.TIM3_IRQHandler)
    TIM4_IRQHandler                          0x08003089   Thumb Code   122  stm32f10x_it.o(i.TIM4_IRQHandler)
    TIM4_Init                                0x08003121   Thumb Code   106  timer4.o(i.TIM4_Init)
    TIM_ClearITPendingBit                    0x08003191   Thumb Code     6  stm32f10x_tim.o(i.TIM_ClearITPendingBit)
    TIM_Cmd                                  0x08003197   Thumb Code    24  stm32f10x_tim.o(i.TIM_Cmd)
    TIM_DeInit                               0x080031b1   Thumb Code   424  stm32f10x_tim.o(i.TIM_DeInit)
    TIM_GetITStatus                          0x08003399   Thumb Code    34  stm32f10x_tim.o(i.TIM_GetITStatus)
    TIM_ITConfig                             0x080033bb   Thumb Code    18  stm32f10x_tim.o(i.TIM_ITConfig)
    TIM_SetCounter                           0x080033cd   Thumb Code     4  stm32f10x_tim.o(i.TIM_SetCounter)
    TIM_TimeBaseInit                         0x080033d1   Thumb Code   122  stm32f10x_tim.o(i.TIM_TimeBaseInit)
    TempHumi_State                           0x08003475   Thumb Code    72  main.o(i.TempHumi_State)
    TxDataBuf_Deal                           0x0800350d   Thumb Code    86  mqtt.o(i.TxDataBuf_Deal)
    USART2_IRQHandler                        0x08003571   Thumb Code   104  stm32f10x_it.o(i.USART2_IRQHandler)
    USART_ClearFlag                          0x080035ed   Thumb Code    18  stm32f10x_usart.o(i.USART_ClearFlag)
    USART_Cmd                                0x080035ff   Thumb Code    24  stm32f10x_usart.o(i.USART_Cmd)
    USART_DeInit                             0x08003619   Thumb Code   134  stm32f10x_usart.o(i.USART_DeInit)
    USART_GetITStatus                        0x080036b5   Thumb Code    84  stm32f10x_usart.o(i.USART_GetITStatus)
    USART_ITConfig                           0x08003709   Thumb Code    74  stm32f10x_usart.o(i.USART_ITConfig)
    USART_Init                               0x08003755   Thumb Code   210  stm32f10x_usart.o(i.USART_Init)
    UsageFault_Handler                       0x0800382d   Thumb Code     2  stm32f10x_it.o(i.UsageFault_Handler)
    Usart1_Init                              0x08003831   Thumb Code   118  usart1.o(i.Usart1_Init)
    Usart2_Init                              0x080038b1   Thumb Code   176  usart2.o(i.Usart2_Init)
    WiFi_Connect_IoTServer                   0x08003969   Thumb Code   404  wifi.o(i.WiFi_Connect_IoTServer)
    WiFi_Connect_Server                      0x08003e79   Thumb Code   190  wifi.o(i.WiFi_Connect_Server)
    WiFi_JoinAP                              0x08003fcd   Thumb Code    88  wifi.o(i.WiFi_JoinAP)
    WiFi_Reset                               0x0800407d   Thumb Code    88  wifi.o(i.WiFi_Reset)
    WiFi_ResetIO_Init                        0x080040ed   Thumb Code    48  wifi.o(i.WiFi_ResetIO_Init)
    WiFi_SendCmd                             0x08004121   Thumb Code    86  wifi.o(i.WiFi_SendCmd)
    WiFi_Smartconfig                         0x08004195   Thumb Code    78  wifi.o(i.WiFi_Smartconfig)
    WiFi_WaitAP                              0x08004201   Thumb Code    62  wifi.o(i.WiFi_WaitAP)
    __ARM_fpclassify                         0x08004259   Thumb Code    40  fpclassify.o(i.__ARM_fpclassify)
    _is_digit                                0x08004281   Thumb Code    14  __printf_wp.o(i._is_digit)
    main                                     0x08004291   Thumb Code   634  main.o(i.main)
    u1_printf                                0x080046fd   Thumb Code    84  usart1.o(i.u1_printf)
    u2_TxData                                0x08004759   Thumb Code    58  usart2.o(i.u2_TxData)
    u2_printf                                0x08004799   Thumb Code    84  usart2.o(i.u2_printf)
    utils_hb2hex                             0x080047f5   Thumb Code    24  utils_md5.o(i.utils_hb2hex)
    utils_hmac_sha1                          0x0800480d   Thumb Code   232  utils_hmac.o(i.utils_hmac_sha1)
    utils_sha1_finish                        0x080048f5   Thumb Code   228  utils_sha1.o(i.utils_sha1_finish)
    utils_sha1_init                          0x080049dd   Thumb Code    14  utils_sha1.o(i.utils_sha1_init)
    utils_sha1_process                       0x080049ed   Thumb Code  6420  utils_sha1.o(i.utils_sha1_process)
    utils_sha1_starts                        0x08006309   Thumb Code    30  utils_sha1.o(i.utils_sha1_starts)
    utils_sha1_update                        0x08006335   Thumb Code   124  utils_sha1.o(i.utils_sha1_update)
    _get_lc_numeric                          0x080063b1   Thumb Code    44  lc_numeric_c.o(locale$$code)
    _get_lc_ctype                            0x080063dd   Thumb Code    44  lc_ctype_c.o(locale$$code)
    __aeabi_dadd                             0x08006409   Thumb Code     0  daddsub_clz.o(x$fpl$dadd)
    _dadd                                    0x08006409   Thumb Code   332  daddsub_clz.o(x$fpl$dadd)
    __aeabi_ddiv                             0x08006559   Thumb Code     0  ddiv.o(x$fpl$ddiv)
    _ddiv                                    0x08006559   Thumb Code   552  ddiv.o(x$fpl$ddiv)
    __aeabi_i2d                              0x08006809   Thumb Code     0  dflt_clz.o(x$fpl$dflt)
    _dflt                                    0x08006809   Thumb Code    46  dflt_clz.o(x$fpl$dflt)
    __aeabi_dmul                             0x08006839   Thumb Code     0  dmul.o(x$fpl$dmul)
    _dmul                                    0x08006839   Thumb Code   332  dmul.o(x$fpl$dmul)
    __fpl_dnaninf                            0x0800698d   Thumb Code   156  dnaninf.o(x$fpl$dnaninf)
    __fpl_dretinf                            0x08006a29   Thumb Code    12  dretinf.o(x$fpl$dretinf)
    __aeabi_dsub                             0x08006a35   Thumb Code     0  daddsub_clz.o(x$fpl$dsub)
    _dsub                                    0x08006a35   Thumb Code   464  daddsub_clz.o(x$fpl$dsub)
    _printf_fp_dec                           0x08006c09   Thumb Code     4  printf1.o(x$fpl$printf1)
    __I$use$fp                               0x08006c0c   Number         0  usenofp.o(x$fpl$usenofp)
    Region$$Table$$Base                      0x08006dac   Number         0  anon$$obj.o(Region$$Table)
    Region$$Table$$Limit                     0x08006dcc   Number         0  anon$$obj.o(Region$$Table)
    __ctype                                  0x08006df5   Data           0  lc_ctype_c.o(locale$$data)
    Usart2_RxCompleted                       0x20000000   Data           1  usart2.o(.data)
    Usart2_RxCounter                         0x20000004   Data           4  usart2.o(.data)
    wifi_mode                                0x20000008   Data           1  wifi.o(.data)
    MQTT_RxDataInPtr                         0x2000000c   Data           4  mqtt.o(.data)
    MQTT_RxDataOutPtr                        0x20000010   Data           4  mqtt.o(.data)
    MQTT_RxDataEndPtr                        0x20000014   Data           4  mqtt.o(.data)
    MQTT_TxDataInPtr                         0x20000018   Data           4  mqtt.o(.data)
    MQTT_TxDataOutPtr                        0x2000001c   Data           4  mqtt.o(.data)
    MQTT_TxDataEndPtr                        0x20000020   Data           4  mqtt.o(.data)
    MQTT_CMDInPtr                            0x20000024   Data           4  mqtt.o(.data)
    MQTT_CMDOutPtr                           0x20000028   Data           4  mqtt.o(.data)
    MQTT_CMDEndPtr                           0x2000002c   Data           4  mqtt.o(.data)
    ClientID_len                             0x20000030   Data           4  mqtt.o(.data)
    Username_len                             0x20000034   Data           4  mqtt.o(.data)
    Passward_len                             0x20000038   Data           4  mqtt.o(.data)
    ServerPort                               0x2000003c   Data           4  mqtt.o(.data)
    Fixed_len                                0x20000040   Data           4  mqtt.o(.data)
    Variable_len                             0x20000044   Data           4  mqtt.o(.data)
    Payload_len                              0x20000048   Data           4  mqtt.o(.data)
    Ping_flag                                0x2000004c   Data           1  mqtt.o(.data)
    Connect_flag                             0x2000004d   Data           1  mqtt.o(.data)
    ConnectPack_flag                         0x2000004e   Data           1  mqtt.o(.data)
    SubcribePack_flag                        0x2000004f   Data           1  mqtt.o(.data)
    Usart1_TxBuff                            0x20000068   Data         256  usart1.o(.bss)
    Usart2_RxBuff                            0x20000168   Data        1024  usart2.o(.bss)
    USART2_TxBuff                            0x20000568   Data        1024  usart2.o(.bss)
    MQTT_RxDataBuf                           0x20000968   Data        4096  mqtt.o(.bss)
    MQTT_TxDataBuf                           0x20001968   Data        4096  mqtt.o(.bss)
    MQTT_CMDBuf                              0x20002968   Data        4096  mqtt.o(.bss)
    ClientID                                 0x20003968   Data         128  mqtt.o(.bss)
    Username                                 0x200039e8   Data         128  mqtt.o(.bss)
    Passward                                 0x20003a68   Data         128  mqtt.o(.bss)
    ServerIP                                 0x20003ae8   Data         128  mqtt.o(.bss)
    temp_buff                                0x20003b68   Data         512  mqtt.o(.bss)
    __libspace_start                         0x20003d68   Data          96  libspace.o(.bss)
    __temporary_stack_top$libspace           0x20003dc8   Data           0  libspace.o(.bss)



==============================================================================

Memory Map of the image

  Image Entry point : 0x08000279

  Load Region LR_1 (Base: 0x08000000, Size: 0x00006f5c, Max: 0xffffffff, ABSOLUTE)

    Execution Region ER_RO (Exec base: 0x08000000, Load base: 0x08000000, Size: 0x00006ef8, Max: 0xffffffff, ABSOLUTE)

    Exec Addr    Load Addr    Size         Type   Attr      Idx    E Section Name        Object

    0x08000000   0x08000000   0x00000130   Data   RO          749    RESET               startup_stm32f10x_hd.o
    0x08000130   0x08000130   0x00000008   Code   RO         2106  * !!!main             c_w.l(__main.o)
    0x08000138   0x08000138   0x00000034   Code   RO         2413    !!!scatter          c_w.l(__scatter.o)
    0x0800016c   0x0800016c   0x0000001a   Code   RO         2415    !!handler_copy      c_w.l(__scatter_copy.o)
    0x08000186   0x08000186   0x00000002   PAD
    0x08000188   0x08000188   0x0000001c   Code   RO         2417    !!handler_zi        c_w.l(__scatter_zi.o)
    0x080001a4   0x080001a4   0x00000000   Code   RO         2089    .ARM.Collect$$_printf_percent$$00000000  c_w.l(_printf_percent.o)
    0x080001a4   0x080001a4   0x00000006   Code   RO         2178    .ARM.Collect$$_printf_percent$$00000001  c_w.l(_printf_n.o)
    0x080001aa   0x080001aa   0x00000006   Code   RO         2180    .ARM.Collect$$_printf_percent$$00000002  c_w.l(_printf_p.o)
    0x080001b0   0x080001b0   0x00000006   Code   RO         2088    .ARM.Collect$$_printf_percent$$00000003  c_w.l(_printf_f.o)
    0x080001b6   0x080001b6   0x00000006   Code   RO         2185    .ARM.Collect$$_printf_percent$$00000004  c_w.l(_printf_e.o)
    0x080001bc   0x080001bc   0x00000006   Code   RO         2186    .ARM.Collect$$_printf_percent$$00000005  c_w.l(_printf_g.o)
    0x080001c2   0x080001c2   0x00000006   Code   RO         2187    .ARM.Collect$$_printf_percent$$00000006  c_w.l(_printf_a.o)
    0x080001c8   0x080001c8   0x0000000a   Code   RO         2192    .ARM.Collect$$_printf_percent$$00000007  c_w.l(_printf_ll.o)
    0x080001d2   0x080001d2   0x00000006   Code   RO         2182    .ARM.Collect$$_printf_percent$$00000008  c_w.l(_printf_i.o)
    0x080001d8   0x080001d8   0x00000006   Code   RO         2183    .ARM.Collect$$_printf_percent$$00000009  c_w.l(_printf_d.o)
    0x080001de   0x080001de   0x00000006   Code   RO         2184    .ARM.Collect$$_printf_percent$$0000000A  c_w.l(_printf_u.o)
    0x080001e4   0x080001e4   0x00000006   Code   RO         2181    .ARM.Collect$$_printf_percent$$0000000B  c_w.l(_printf_o.o)
    0x080001ea   0x080001ea   0x00000006   Code   RO         2179    .ARM.Collect$$_printf_percent$$0000000C  c_w.l(_printf_x.o)
    0x080001f0   0x080001f0   0x00000006   Code   RO         2189    .ARM.Collect$$_printf_percent$$0000000D  c_w.l(_printf_lli.o)
    0x080001f6   0x080001f6   0x00000006   Code   RO         2190    .ARM.Collect$$_printf_percent$$0000000E  c_w.l(_printf_lld.o)
    0x080001fc   0x080001fc   0x00000006   Code   RO         2191    .ARM.Collect$$_printf_percent$$0000000F  c_w.l(_printf_llu.o)
    0x08000202   0x08000202   0x00000006   Code   RO         2196    .ARM.Collect$$_printf_percent$$00000010  c_w.l(_printf_llo.o)
    0x08000208   0x08000208   0x00000006   Code   RO         2197    .ARM.Collect$$_printf_percent$$00000011  c_w.l(_printf_llx.o)
    0x0800020e   0x0800020e   0x0000000a   Code   RO         2193    .ARM.Collect$$_printf_percent$$00000012  c_w.l(_printf_l.o)
    0x08000218   0x08000218   0x00000006   Code   RO         2177    .ARM.Collect$$_printf_percent$$00000013  c_w.l(_printf_c.o)
    0x0800021e   0x0800021e   0x00000006   Code   RO         2087    .ARM.Collect$$_printf_percent$$00000014  c_w.l(_printf_s.o)
    0x08000224   0x08000224   0x00000006   Code   RO         2194    .ARM.Collect$$_printf_percent$$00000015  c_w.l(_printf_lc.o)
    0x0800022a   0x0800022a   0x00000006   Code   RO         2195    .ARM.Collect$$_printf_percent$$00000016  c_w.l(_printf_ls.o)
    0x08000230   0x08000230   0x00000004   Code   RO         2188    .ARM.Collect$$_printf_percent$$00000017  c_w.l(_printf_percent_end.o)
    0x08000234   0x08000234   0x00000002   Code   RO         2283    .ARM.Collect$$libinit$$00000000  c_w.l(libinit.o)
    0x08000236   0x08000236   0x00000000   Code   RO         2285    .ARM.Collect$$libinit$$00000002  c_w.l(libinit2.o)
    0x08000236   0x08000236   0x00000000   Code   RO         2287    .ARM.Collect$$libinit$$00000004  c_w.l(libinit2.o)
    0x08000236   0x08000236   0x00000000   Code   RO         2290    .ARM.Collect$$libinit$$0000000A  c_w.l(libinit2.o)
    0x08000236   0x08000236   0x00000000   Code   RO         2292    .ARM.Collect$$libinit$$0000000C  c_w.l(libinit2.o)
    0x08000236   0x08000236   0x00000000   Code   RO         2294    .ARM.Collect$$libinit$$0000000E  c_w.l(libinit2.o)
    0x08000236   0x08000236   0x00000006   Code   RO         2295    .ARM.Collect$$libinit$$0000000F  c_w.l(libinit2.o)
    0x0800023c   0x0800023c   0x00000000   Code   RO         2297    .ARM.Collect$$libinit$$00000011  c_w.l(libinit2.o)
    0x0800023c   0x0800023c   0x0000000c   Code   RO         2298    .ARM.Collect$$libinit$$00000012  c_w.l(libinit2.o)
    0x08000248   0x08000248   0x00000000   Code   RO         2299    .ARM.Collect$$libinit$$00000013  c_w.l(libinit2.o)
    0x08000248   0x08000248   0x00000000   Code   RO         2301    .ARM.Collect$$libinit$$00000015  c_w.l(libinit2.o)
    0x08000248   0x08000248   0x0000000a   Code   RO         2302    .ARM.Collect$$libinit$$00000016  c_w.l(libinit2.o)
    0x08000252   0x08000252   0x00000000   Code   RO         2303    .ARM.Collect$$libinit$$00000017  c_w.l(libinit2.o)
    0x08000252   0x08000252   0x00000000   Code   RO         2305    .ARM.Collect$$libinit$$00000019  c_w.l(libinit2.o)
    0x08000252   0x08000252   0x00000000   Code   RO         2307    .ARM.Collect$$libinit$$0000001B  c_w.l(libinit2.o)
    0x08000252   0x08000252   0x00000000   Code   RO         2309    .ARM.Collect$$libinit$$0000001D  c_w.l(libinit2.o)
    0x08000252   0x08000252   0x00000000   Code   RO         2311    .ARM.Collect$$libinit$$0000001F  c_w.l(libinit2.o)
    0x08000252   0x08000252   0x00000000   Code   RO         2313    .ARM.Collect$$libinit$$00000021  c_w.l(libinit2.o)
    0x08000252   0x08000252   0x00000000   Code   RO         2315    .ARM.Collect$$libinit$$00000023  c_w.l(libinit2.o)
    0x08000252   0x08000252   0x00000000   Code   RO         2317    .ARM.Collect$$libinit$$00000025  c_w.l(libinit2.o)
    0x08000252   0x08000252   0x00000000   Code   RO         2321    .ARM.Collect$$libinit$$0000002C  c_w.l(libinit2.o)
    0x08000252   0x08000252   0x00000000   Code   RO         2323    .ARM.Collect$$libinit$$0000002E  c_w.l(libinit2.o)
    0x08000252   0x08000252   0x00000000   Code   RO         2325    .ARM.Collect$$libinit$$00000030  c_w.l(libinit2.o)
    0x08000252   0x08000252   0x00000000   Code   RO         2327    .ARM.Collect$$libinit$$00000032  c_w.l(libinit2.o)
    0x08000252   0x08000252   0x00000002   Code   RO         2328    .ARM.Collect$$libinit$$00000033  c_w.l(libinit2.o)
    0x08000254   0x08000254   0x00000002   Code   RO         2361    .ARM.Collect$$libshutdown$$00000000  c_w.l(libshutdown.o)
    0x08000256   0x08000256   0x00000000   Code   RO         2372    .ARM.Collect$$libshutdown$$00000002  c_w.l(libshutdown2.o)
    0x08000256   0x08000256   0x00000000   Code   RO         2374    .ARM.Collect$$libshutdown$$00000004  c_w.l(libshutdown2.o)
    0x08000256   0x08000256   0x00000000   Code   RO         2377    .ARM.Collect$$libshutdown$$00000007  c_w.l(libshutdown2.o)
    0x08000256   0x08000256   0x00000000   Code   RO         2380    .ARM.Collect$$libshutdown$$0000000A  c_w.l(libshutdown2.o)
    0x08000256   0x08000256   0x00000000   Code   RO         2382    .ARM.Collect$$libshutdown$$0000000C  c_w.l(libshutdown2.o)
    0x08000256   0x08000256   0x00000000   Code   RO         2385    .ARM.Collect$$libshutdown$$0000000F  c_w.l(libshutdown2.o)
    0x08000256   0x08000256   0x00000002   Code   RO         2386    .ARM.Collect$$libshutdown$$00000010  c_w.l(libshutdown2.o)
    0x08000258   0x08000258   0x00000000   Code   RO         2128    .ARM.Collect$$rtentry$$00000000  c_w.l(__rtentry.o)
    0x08000258   0x08000258   0x00000000   Code   RO         2204    .ARM.Collect$$rtentry$$00000002  c_w.l(__rtentry2.o)
    0x08000258   0x08000258   0x00000006   Code   RO         2216    .ARM.Collect$$rtentry$$00000004  c_w.l(__rtentry4.o)
    0x0800025e   0x0800025e   0x00000000   Code   RO         2206    .ARM.Collect$$rtentry$$00000009  c_w.l(__rtentry2.o)
    0x0800025e   0x0800025e   0x00000004   Code   RO         2207    .ARM.Collect$$rtentry$$0000000A  c_w.l(__rtentry2.o)
    0x08000262   0x08000262   0x00000000   Code   RO         2209    .ARM.Collect$$rtentry$$0000000C  c_w.l(__rtentry2.o)
    0x08000262   0x08000262   0x00000008   Code   RO         2210    .ARM.Collect$$rtentry$$0000000D  c_w.l(__rtentry2.o)
    0x0800026a   0x0800026a   0x00000002   Code   RO         2329    .ARM.Collect$$rtexit$$00000000  c_w.l(rtexit.o)
    0x0800026c   0x0800026c   0x00000000   Code   RO         2339    .ARM.Collect$$rtexit$$00000002  c_w.l(rtexit2.o)
    0x0800026c   0x0800026c   0x00000004   Code   RO         2340    .ARM.Collect$$rtexit$$00000003  c_w.l(rtexit2.o)
    0x08000270   0x08000270   0x00000006   Code   RO         2341    .ARM.Collect$$rtexit$$00000004  c_w.l(rtexit2.o)
    0x08000276   0x08000276   0x00000002   PAD
    0x08000278   0x08000278   0x00000040   Code   RO          750  * .text               startup_stm32f10x_hd.o
    0x080002b8   0x080002b8   0x00000024   Code   RO         2057    .text               c_w.l(c89vsprintf.o)
    0x080002dc   0x080002dc   0x0000002c   Code   RO         2059    .text               c_w.l(__2sprintf.o)
    0x08000308   0x08000308   0x00000052   Code   RO         2065    .text               c_w.l(_printf_str.o)
    0x0800035a   0x0800035a   0x00000002   PAD
    0x0800035c   0x0800035c   0x00000188   Code   RO         2084    .text               c_w.l(__printf_flags_ss_wp.o)
    0x080004e4   0x080004e4   0x00000024   Code   RO         2090    .text               c_w.l(strstr.o)
    0x08000508   0x08000508   0x0000003e   Code   RO         2092    .text               c_w.l(strlen.o)
    0x08000546   0x08000546   0x0000008a   Code   RO         2094    .text               c_w.l(rt_memcpy_v6.o)
    0x080005d0   0x080005d0   0x00000064   Code   RO         2096    .text               c_w.l(rt_memcpy_w.o)
    0x08000634   0x08000634   0x00000010   Code   RO         2098    .text               c_w.l(aeabi_memset.o)
    0x08000644   0x08000644   0x00000044   Code   RO         2100    .text               c_w.l(rt_memclr.o)
    0x08000688   0x08000688   0x0000004e   Code   RO         2102    .text               c_w.l(rt_memclr_w.o)
    0x080006d6   0x080006d6   0x00000006   Code   RO         2104    .text               c_w.l(heapauxi.o)
    0x080006dc   0x080006dc   0x0000004e   Code   RO         2129    .text               c_w.l(_printf_pad.o)
    0x0800072a   0x0800072a   0x00000024   Code   RO         2131    .text               c_w.l(_printf_truncate.o)
    0x0800074e   0x0800074e   0x00000002   PAD
    0x08000750   0x08000750   0x00000078   Code   RO         2133    .text               c_w.l(_printf_dec.o)
    0x080007c8   0x080007c8   0x00000028   Code   RO         2135    .text               c_w.l(_printf_charcount.o)
    0x080007f0   0x080007f0   0x0000041e   Code   RO         2137    .text               c_w.l(_printf_fp_dec.o)
    0x08000c0e   0x08000c0e   0x00000002   PAD
    0x08000c10   0x08000c10   0x00000030   Code   RO         2139    .text               c_w.l(_printf_char_common.o)
    0x08000c40   0x08000c40   0x0000000a   Code   RO         2141    .text               c_w.l(_sputc.o)
    0x08000c4a   0x08000c4a   0x0000002c   Code   RO         2143    .text               c_w.l(_printf_char.o)
    0x08000c76   0x08000c76   0x00000002   PAD
    0x08000c78   0x08000c78   0x000000bc   Code   RO         2145    .text               c_w.l(_printf_wctomb.o)
    0x08000d34   0x08000d34   0x0000007c   Code   RO         2148    .text               c_w.l(_printf_longlong_dec.o)
    0x08000db0   0x08000db0   0x00000070   Code   RO         2154    .text               c_w.l(_printf_oct_int_ll.o)
    0x08000e20   0x08000e20   0x00000094   Code   RO         2174    .text               c_w.l(_printf_hex_int_ll_ptr.o)
    0x08000eb4   0x08000eb4   0x00000008   Code   RO         2221    .text               c_w.l(rt_locale_intlibspace.o)
    0x08000ebc   0x08000ebc   0x0000008a   Code   RO         2223    .text               c_w.l(lludiv10.o)
    0x08000f46   0x08000f46   0x000000b2   Code   RO         2225    .text               c_w.l(_printf_intcommon.o)
    0x08000ff8   0x08000ff8   0x00000080   Code   RO         2227    .text               c_w.l(_printf_fp_infnan.o)
    0x08001078   0x08001078   0x0000002c   Code   RO         2231    .text               c_w.l(_printf_wchar.o)
    0x080010a4   0x080010a4   0x000000e4   Code   RO         2233    .text               c_w.l(bigflt0.o)
    0x08001188   0x08001188   0x00000040   Code   RO         2258    .text               c_w.l(_wcrtomb.o)
    0x080011c8   0x080011c8   0x00000008   Code   RO         2267    .text               c_w.l(libspace.o)
    0x080011d0   0x080011d0   0x0000004a   Code   RO         2270    .text               c_w.l(sys_stackheap_outer.o)
    0x0800121a   0x0800121a   0x00000002   PAD
    0x0800121c   0x0800121c   0x00000010   Code   RO         2272    .text               c_w.l(rt_ctype_table.o)
    0x0800122c   0x0800122c   0x00000012   Code   RO         2274    .text               c_w.l(exit.o)
    0x0800123e   0x0800123e   0x00000002   PAD
    0x08001240   0x08001240   0x00000080   Code   RO         2276    .text               c_w.l(strcmpv7m.o)
    0x080012c0   0x080012c0   0x0000000c   Code   RO         2351    .text               c_w.l(sys_exit.o)
    0x080012cc   0x080012cc   0x00000002   Code   RO         2362    .text               c_w.l(use_no_semi.o)
    0x080012ce   0x080012ce   0x00000000   Code   RO         2364    .text               c_w.l(indicate_semi.o)
    0x080012ce   0x080012ce   0x0000003e   Code   RO         2236    CL$$btod_d2e        c_w.l(btod.o)
    0x0800130c   0x0800130c   0x00000046   Code   RO         2238    CL$$btod_d2e_denorm_low  c_w.l(btod.o)
    0x08001352   0x08001352   0x00000060   Code   RO         2237    CL$$btod_d2e_norm_op1  c_w.l(btod.o)
    0x080013b2   0x080013b2   0x00000338   Code   RO         2246    CL$$btod_div_common  c_w.l(btod.o)
    0x080016ea   0x080016ea   0x000000dc   Code   RO         2243    CL$$btod_e2e        c_w.l(btod.o)
    0x080017c6   0x080017c6   0x0000002a   Code   RO         2240    CL$$btod_ediv       c_w.l(btod.o)
    0x080017f0   0x080017f0   0x0000002a   Code   RO         2239    CL$$btod_emul       c_w.l(btod.o)
    0x0800181a   0x0800181a   0x00000244   Code   RO         2245    CL$$btod_mult_common  c_w.l(btod.o)
    0x08001a5e   0x08001a5e   0x00000002   PAD
    0x08001a60   0x08001a60   0x00000110   Code   RO          660    i.AHT10_Data        aht10.o
    0x08001b70   0x08001b70   0x00000092   Code   RO          661    i.AHT10_Init        aht10.o
    0x08001c02   0x08001c02   0x00000034   Code   RO          662    i.AHT10_ReadData    aht10.o
    0x08001c36   0x08001c36   0x00000020   Code   RO          663    i.AHT10_ReadStatus  aht10.o
    0x08001c56   0x08001c56   0x0000001a   Code   RO          664    i.AHT10_Read_CalEnable  aht10.o
    0x08001c70   0x08001c70   0x00000020   Code   RO          665    i.AHT10_Reset       aht10.o
    0x08001c90   0x08001c90   0x00000042   Code   RO          576    i.AT24C02_ReadOneByte  24c02.o
    0x08001cd2   0x08001cd2   0x00000002   PAD
    0x08001cd4   0x08001cd4   0x000001dc   Code   RO          435    i.AliIoT_Parameter_Init  mqtt.o
    0x08001eb0   0x08001eb0   0x00000002   Code   RO          230    i.BusFault_Handler  stm32f10x_it.o
    0x08001eb2   0x08001eb2   0x00000002   PAD
    0x08001eb4   0x08001eb4   0x0000006c   Code   RO          436    i.CMDBuf_Deal       mqtt.o
    0x08001f20   0x08001f20   0x00000002   Code   RO          231    i.DebugMon_Handler  stm32f10x_it.o
    0x08001f22   0x08001f22   0x0000000c   Code   RO          163    i.Delay_Init        delay.o
    0x08001f2e   0x08001f2e   0x00000002   PAD
    0x08001f30   0x08001f30   0x000000f8   Code   RO          164    i.Delay_Ms          delay.o
    0x08002028   0x08002028   0x00000042   Code   RO          165    i.Delay_Us          delay.o
    0x0800206a   0x0800206a   0x00000116   Code   RO         1724    i.GPIO_Init         stm32f10x_gpio.o
    0x08002180   0x08002180   0x00000012   Code   RO         1728    i.GPIO_ReadInputDataBit  stm32f10x_gpio.o
    0x08002192   0x08002192   0x00000004   Code   RO         1731    i.GPIO_ResetBits    stm32f10x_gpio.o
    0x08002196   0x08002196   0x00000004   Code   RO         1732    i.GPIO_SetBits      stm32f10x_gpio.o
    0x0800219a   0x0800219a   0x0000000a   Code   RO         1735    i.GPIO_WriteBit     stm32f10x_gpio.o
    0x080021a4   0x080021a4   0x00000002   Code   RO          232    i.HardFault_Handler  stm32f10x_it.o
    0x080021a6   0x080021a6   0x00000002   PAD
    0x080021a8   0x080021a8   0x0000003c   Code   RO          606    i.IIC_Init          iic.o
    0x080021e4   0x080021e4   0x000000f0   Code   RO          607    i.IIC_Read_Byte     iic.o
    0x080022d4   0x080022d4   0x00000060   Code   RO          608    i.IIC_Send_Byte     iic.o
    0x08002334   0x08002334   0x0000003c   Code   RO          609    i.IIC_Start         iic.o
    0x08002370   0x08002370   0x0000003c   Code   RO          610    i.IIC_Stop          iic.o
    0x080023ac   0x080023ac   0x0000006c   Code   RO          611    i.IIC_Wait_Ack      iic.o
    0x08002418   0x08002418   0x00000038   Code   RO          553    i.KEY_Init          key.o
    0x08002450   0x08002450   0x0000002c   Code   RO          351    i.LED_AllOff        led.o
    0x0800247c   0x0800247c   0x00000054   Code   RO          353    i.LED_Init          led.o
    0x080024d0   0x080024d0   0x0000009c   Code   RO          437    i.MQTT_Buff_Init    mqtt.o
    0x0800256c   0x0800256c   0x00000100   Code   RO          438    i.MQTT_Buff_ReInit  mqtt.o
    0x0800266c   0x0800266c   0x00000218   Code   RO          439    i.MQTT_ConectPack   mqtt.o
    0x08002884   0x08002884   0x0000010c   Code   RO          440    i.MQTT_DealPushdata_Qs0  mqtt.o
    0x08002990   0x08002990   0x0000001c   Code   RO          441    i.MQTT_PingREQ      mqtt.o
    0x080029ac   0x080029ac   0x000000ec   Code   RO          442    i.MQTT_PublishQs0   mqtt.o
    0x08002a98   0x08002a98   0x00000098   Code   RO          443    i.MQTT_Subscribe    mqtt.o
    0x08002b30   0x08002b30   0x00000002   Code   RO          233    i.MemManage_Handler  stm32f10x_it.o
    0x08002b32   0x08002b32   0x00000002   Code   RO          234    i.NMI_Handler       stm32f10x_it.o
    0x08002b34   0x08002b34   0x00000070   Code   RO          754    i.NVIC_Init         misc.o
    0x08002ba4   0x08002ba4   0x00000014   Code   RO          755    i.NVIC_PriorityGroupConfig  misc.o
    0x08002bb8   0x08002bb8   0x00000002   Code   RO          235    i.PendSV_Handler    stm32f10x_it.o
    0x08002bba   0x08002bba   0x00000002   PAD
    0x08002bbc   0x08002bbc   0x00000020   Code   RO          792    i.RCC_APB1PeriphClockCmd  stm32f10x_rcc.o
    0x08002bdc   0x08002bdc   0x00000020   Code   RO          793    i.RCC_APB1PeriphResetCmd  stm32f10x_rcc.o
    0x08002bfc   0x08002bfc   0x00000020   Code   RO          794    i.RCC_APB2PeriphClockCmd  stm32f10x_rcc.o
    0x08002c1c   0x08002c1c   0x00000020   Code   RO          795    i.RCC_APB2PeriphResetCmd  stm32f10x_rcc.o
    0x08002c3c   0x08002c3c   0x000000d4   Code   RO          802    i.RCC_GetClocksFreq  stm32f10x_rcc.o
    0x08002d10   0x08002d10   0x00000002   Code   RO          236    i.SVC_Handler       stm32f10x_it.o
    0x08002d12   0x08002d12   0x00000008   Code   RO          713    i.SetSysClock       system_stm32f10x.o
    0x08002d1a   0x08002d1a   0x00000002   PAD
    0x08002d1c   0x08002d1c   0x000000e0   Code   RO          714    i.SetSysClockTo72   system_stm32f10x.o
    0x08002dfc   0x08002dfc   0x0000003c   Code   RO          758    i.SysTick_CLKSourceConfig  misc.o
    0x08002e38   0x08002e38   0x00000002   Code   RO          237    i.SysTick_Handler   stm32f10x_it.o
    0x08002e3a   0x08002e3a   0x00000002   PAD
    0x08002e3c   0x08002e3c   0x00000060   Code   RO          716    i.SystemInit        system_stm32f10x.o
    0x08002e9c   0x08002e9c   0x00000076   Code   RO          648    i.TIM2_ENABLE_30S   timer2.o
    0x08002f12   0x08002f12   0x0000001a   Code   RO          238    i.TIM2_IRQHandler   stm32f10x_it.o
    0x08002f2c   0x08002f2c   0x00000078   Code   RO          522    i.TIM3_ENABLE_2S    timer3.o
    0x08002fa4   0x08002fa4   0x00000078   Code   RO          523    i.TIM3_ENABLE_30S   timer3.o
    0x0800301c   0x0800301c   0x0000006c   Code   RO          239    i.TIM3_IRQHandler   stm32f10x_it.o
    0x08003088   0x08003088   0x00000098   Code   RO          240    i.TIM4_IRQHandler   stm32f10x_it.o
    0x08003120   0x08003120   0x00000070   Code   RO          215    i.TIM4_Init         timer4.o
    0x08003190   0x08003190   0x00000006   Code   RO         1001    i.TIM_ClearITPendingBit  stm32f10x_tim.o
    0x08003196   0x08003196   0x00000018   Code   RO         1006    i.TIM_Cmd           stm32f10x_tim.o
    0x080031ae   0x080031ae   0x00000002   PAD
    0x080031b0   0x080031b0   0x000001e8   Code   RO         1011    i.TIM_DeInit        stm32f10x_tim.o
    0x08003398   0x08003398   0x00000022   Code   RO         1027    i.TIM_GetITStatus   stm32f10x_tim.o
    0x080033ba   0x080033ba   0x00000012   Code   RO         1031    i.TIM_ITConfig      stm32f10x_tim.o
    0x080033cc   0x080033cc   0x00000004   Code   RO         1071    i.TIM_SetCounter    stm32f10x_tim.o
    0x080033d0   0x080033d0   0x000000a4   Code   RO         1077    i.TIM_TimeBaseInit  stm32f10x_tim.o
    0x08003474   0x08003474   0x00000098   Code   RO            1    i.TempHumi_State    main.o
    0x0800350c   0x0800350c   0x00000064   Code   RO          444    i.TxDataBuf_Deal    mqtt.o
    0x08003570   0x08003570   0x0000007c   Code   RO          241    i.USART2_IRQHandler  stm32f10x_it.o
    0x080035ec   0x080035ec   0x00000012   Code   RO         1538    i.USART_ClearFlag   stm32f10x_usart.o
    0x080035fe   0x080035fe   0x00000018   Code   RO         1542    i.USART_Cmd         stm32f10x_usart.o
    0x08003616   0x08003616   0x00000002   PAD
    0x08003618   0x08003618   0x0000009c   Code   RO         1544    i.USART_DeInit      stm32f10x_usart.o
    0x080036b4   0x080036b4   0x00000054   Code   RO         1546    i.USART_GetITStatus  stm32f10x_usart.o
    0x08003708   0x08003708   0x0000004a   Code   RO         1548    i.USART_ITConfig    stm32f10x_usart.o
    0x08003752   0x08003752   0x00000002   PAD
    0x08003754   0x08003754   0x000000d8   Code   RO         1549    i.USART_Init        stm32f10x_usart.o
    0x0800382c   0x0800382c   0x00000002   Code   RO          242    i.UsageFault_Handler  stm32f10x_it.o
    0x0800382e   0x0800382e   0x00000002   PAD
    0x08003830   0x08003830   0x00000080   Code   RO          187    i.Usart1_Init       usart1.o
    0x080038b0   0x080038b0   0x000000b8   Code   RO          320    i.Usart2_Init       usart2.o
    0x08003968   0x08003968   0x00000510   Code   RO          375    i.WiFi_Connect_IoTServer  wifi.o
    0x08003e78   0x08003e78   0x00000154   Code   RO          376    i.WiFi_Connect_Server  wifi.o
    0x08003fcc   0x08003fcc   0x000000b0   Code   RO          377    i.WiFi_JoinAP       wifi.o
    0x0800407c   0x0800407c   0x00000070   Code   RO          378    i.WiFi_Reset        wifi.o
    0x080040ec   0x080040ec   0x00000034   Code   RO          379    i.WiFi_ResetIO_Init  wifi.o
    0x08004120   0x08004120   0x00000074   Code   RO          380    i.WiFi_SendCmd      wifi.o
    0x08004194   0x08004194   0x0000006c   Code   RO          381    i.WiFi_Smartconfig  wifi.o
    0x08004200   0x08004200   0x00000058   Code   RO          382    i.WiFi_WaitAP       wifi.o
    0x08004258   0x08004258   0x00000028   Code   RO         2265    i.__ARM_fpclassify  m_ws.l(fpclassify.o)
    0x08004280   0x08004280   0x0000000e   Code   RO         2077    i._is_digit         c_w.l(__printf_wp.o)
    0x0800428e   0x0800428e   0x00000002   PAD
    0x08004290   0x08004290   0x0000046c   Code   RO            2    i.main              main.o
    0x080046fc   0x080046fc   0x0000005c   Code   RO          188    i.u1_printf         usart1.o
    0x08004758   0x08004758   0x00000040   Code   RO          321    i.u2_TxData         usart2.o
    0x08004798   0x08004798   0x0000005c   Code   RO          322    i.u2_printf         usart2.o
    0x080047f4   0x080047f4   0x00000018   Code   RO         1928    i.utils_hb2hex      utils_md5.o
    0x0800480c   0x0800480c   0x000000e8   Code   RO         1888    i.utils_hmac_sha1   utils_hmac.o
    0x080048f4   0x080048f4   0x000000e8   Code   RO         1996    i.utils_sha1_finish  utils_sha1.o
    0x080049dc   0x080049dc   0x0000000e   Code   RO         1998    i.utils_sha1_init   utils_sha1.o
    0x080049ea   0x080049ea   0x00000002   PAD
    0x080049ec   0x080049ec   0x0000191c   Code   RO         1999    i.utils_sha1_process  utils_sha1.o
    0x08006308   0x08006308   0x0000002c   Code   RO         2000    i.utils_sha1_starts  utils_sha1.o
    0x08006334   0x08006334   0x0000007c   Code   RO         2001    i.utils_sha1_update  utils_sha1.o
    0x080063b0   0x080063b0   0x0000002c   Code   RO         2261    locale$$code        c_w.l(lc_numeric_c.o)
    0x080063dc   0x080063dc   0x0000002c   Code   RO         2332    locale$$code        c_w.l(lc_ctype_c.o)
    0x08006408   0x08006408   0x00000150   Code   RO         2108    x$fpl$dadd          fz_ws.l(daddsub_clz.o)
    0x08006558   0x08006558   0x000002b0   Code   RO         2115    x$fpl$ddiv          fz_ws.l(ddiv.o)
    0x08006808   0x08006808   0x0000002e   Code   RO         2119    x$fpl$dflt          fz_ws.l(dflt_clz.o)
    0x08006836   0x08006836   0x00000002   PAD
    0x08006838   0x08006838   0x00000154   Code   RO         2124    x$fpl$dmul          fz_ws.l(dmul.o)
    0x0800698c   0x0800698c   0x0000009c   Code   RO         2198    x$fpl$dnaninf       fz_ws.l(dnaninf.o)
    0x08006a28   0x08006a28   0x0000000c   Code   RO         2200    x$fpl$dretinf       fz_ws.l(dretinf.o)
    0x08006a34   0x08006a34   0x000001d4   Code   RO         2110    x$fpl$dsub          fz_ws.l(daddsub_clz.o)
    0x08006c08   0x08006c08   0x00000004   Code   RO         2126    x$fpl$printf1       fz_ws.l(printf1.o)
    0x08006c0c   0x08006c0c   0x00000000   Code   RO         2202    x$fpl$usenofp       fz_ws.l(usenofp.o)
    0x08006c0c   0x08006c0c   0x00000040   Data   RO         2003    .constdata          utils_sha1.o
    0x08006c4c   0x08006c4c   0x00000011   Data   RO         2085    .constdata          c_w.l(__printf_flags_ss_wp.o)
    0x08006c5d   0x08006c5d   0x00000003   PAD
    0x08006c60   0x08006c60   0x00000008   Data   RO         2146    .constdata          c_w.l(_printf_wctomb.o)
    0x08006c68   0x08006c68   0x00000028   Data   RO         2175    .constdata          c_w.l(_printf_hex_int_ll_ptr.o)
    0x08006c90   0x08006c90   0x00000094   Data   RO         2234    .constdata          c_w.l(bigflt0.o)
    0x08006d24   0x08006d24   0x00000086   Data   RO            3    .conststring        main.o
    0x08006daa   0x08006daa   0x00000002   PAD
    0x08006dac   0x08006dac   0x00000020   Data   RO         2411    Region$$Table       anon$$obj.o
    0x08006dcc   0x08006dcc   0x0000001c   Data   RO         2260    locale$$data        c_w.l(lc_numeric_c.o)
    0x08006de8   0x08006de8   0x00000110   Data   RO         2331    locale$$data        c_w.l(lc_ctype_c.o)


    Execution Region ER_RW (Exec base: 0x20000000, Load base: 0x08006ef8, Size: 0x00000064, Max: 0xffffffff, ABSOLUTE)

    Exec Addr    Load Addr    Size         Type   Attr      Idx    E Section Name        Object

    0x20000000   0x08006ef8   0x00000008   Data   RW          324    .data               usart2.o
    0x20000008   0x08006f00   0x00000001   Data   RW          383    .data               wifi.o
    0x20000009   0x08006f01   0x00000003   PAD
    0x2000000c   0x08006f04   0x00000044   Data   RW          446    .data               mqtt.o
    0x20000050   0x08006f48   0x00000014   Data   RW          822    .data               stm32f10x_rcc.o


    Execution Region ER_ZI (Exec base: 0x20000064, Load base: 0x08006f5c, Size: 0x00004364, Max: 0xffffffff, ABSOLUTE)

    Exec Addr    Load Addr    Size         Type   Attr      Idx    E Section Name        Object

    0x20000064   0x08006f5c   0x00000004   PAD
    0x20000068        -       0x00000100   Zero   RW          189    .bss                usart1.o
    0x20000168        -       0x00000800   Zero   RW          323    .bss                usart2.o
    0x20000968        -       0x00003400   Zero   RW          445    .bss                mqtt.o
    0x20003d68        -       0x00000060   Zero   RW         2268    .bss                c_w.l(libspace.o)
    0x20003dc8        -       0x00000200   Zero   RW          748    HEAP                startup_stm32f10x_hd.o
    0x20003fc8        -       0x00000400   Zero   RW          747    STACK               startup_stm32f10x_hd.o


==============================================================================

Image component sizes


      Code (inc. data)   RO Data    RW Data    ZI Data      Debug   Object Name

        66          0          0          0          0        586   24c02.o
       560         18          0          0          0       3251   aht10.o
         0          0          0          0          0         32   core_cm3.o
       326          6          0          0          0       1615   delay.o
       624         30          0          0          0       3125   iic.o
        56          4          0          0          0        459   key.o
       128         18          0          0          0        900   led.o
      1284        584        134          0          0     253824   main.o
       192         22          0          0          0       1921   misc.o
      2316        578          0         68      13312       7982   mqtt.o
        64         26        304          0       1536        772   startup_stm32f10x_hd.o
       314          0          0          0          0       3896   stm32f10x_gpio.o
       428         70          0          0          0       5604   stm32f10x_it.o
       340         44          0         20          0       5200   stm32f10x_rcc.o
       738        106          0          0          0       4432   stm32f10x_tim.o
       572         28          0          0          0       5219   stm32f10x_usart.o
       328         28          0          0          0       1737   system_stm32f10x.o
       118          0          0          0          0        546   timer2.o
       240         10          0          0          0       1091   timer3.o
       112          6          0          0          0        644   timer4.o
       220         18          0          0        256       2318   usart1.o
       340         22          0          8       2048       2536   usart2.o
       232          0          0          0          0       2678   utils_hmac.o
        24          0          0          0          0        483   utils_md5.o
      6842         40         64          0          0       5515   utils_sha1.o
      2288       1244          0          1          0       5114   wifi.o

    ----------------------------------------------------------------------
     18776       2902        536        100      17156     321480   Object Totals
         0          0         32          0          0          0   (incl. Generated)
        24          0          2          3          4          0   (incl. Padding)

    ----------------------------------------------------------------------

      Code (inc. data)   RO Data    RW Data    ZI Data      Debug   Library Member Name

        44          6          0          0          0         84   __2sprintf.o
         8          0          0          0          0         68   __main.o
       392          4         17          0          0         92   __printf_flags_ss_wp.o
        14          0          0          0          0         68   __printf_wp.o
         0          0          0          0          0          0   __rtentry.o
        12          0          0          0          0          0   __rtentry2.o
         6          0          0          0          0          0   __rtentry4.o
        52          8          0          0          0          0   __scatter.o
        26          0          0          0          0          0   __scatter_copy.o
        28          0          0          0          0          0   __scatter_zi.o
         6          0          0          0          0          0   _printf_a.o
         6          0          0          0          0          0   _printf_c.o
        44          0          0          0          0        108   _printf_char.o
        48          6          0          0          0         96   _printf_char_common.o
        40          0          0          0          0         68   _printf_charcount.o
         6          0          0          0          0          0   _printf_d.o
       120         16          0          0          0         92   _printf_dec.o
         6          0          0          0          0          0   _printf_e.o
         6          0          0          0          0          0   _printf_f.o
      1054          0          0          0          0        216   _printf_fp_dec.o
       128         16          0          0          0         84   _printf_fp_infnan.o
         6          0          0          0          0          0   _printf_g.o
       148          4         40          0          0        160   _printf_hex_int_ll_ptr.o
         6          0          0          0          0          0   _printf_i.o
       178          0          0          0          0         88   _printf_intcommon.o
        10          0          0          0          0          0   _printf_l.o
         6          0          0          0          0          0   _printf_lc.o
        10          0          0          0          0          0   _printf_ll.o
         6          0          0          0          0          0   _printf_lld.o
         6          0          0          0          0          0   _printf_lli.o
         6          0          0          0          0          0   _printf_llo.o
         6          0          0          0          0          0   _printf_llu.o
         6          0          0          0          0          0   _printf_llx.o
       124         16          0          0          0         92   _printf_longlong_dec.o
         6          0          0          0          0          0   _printf_ls.o
         6          0          0          0          0          0   _printf_n.o
         6          0          0          0          0          0   _printf_o.o
       112         10          0          0          0        124   _printf_oct_int_ll.o
         6          0          0          0          0          0   _printf_p.o
        78          0          0          0          0        108   _printf_pad.o
         0          0          0          0          0          0   _printf_percent.o
         4          0          0          0          0          0   _printf_percent_end.o
         6          0          0          0          0          0   _printf_s.o
        82          0          0          0          0         80   _printf_str.o
        36          0          0          0          0         84   _printf_truncate.o
         6          0          0          0          0          0   _printf_u.o
        44          0          0          0          0        108   _printf_wchar.o
       188          6          8          0          0         92   _printf_wctomb.o
         6          0          0          0          0          0   _printf_x.o
        10          0          0          0          0         68   _sputc.o
        64          0          0          0          0         92   _wcrtomb.o
        16          0          0          0          0         68   aeabi_memset.o
       228          4        148          0          0         96   bigflt0.o
      1936        128          0          0          0        672   btod.o
        36          4          0          0          0         76   c89vsprintf.o
        18          0          0          0          0         80   exit.o
         6          0          0          0          0        152   heapauxi.o
         0          0          0          0          0          0   indicate_semi.o
        44         10        272          0          0         76   lc_ctype_c.o
        44         10         28          0          0         76   lc_numeric_c.o
         2          0          0          0          0          0   libinit.o
        30          0          0          0          0          0   libinit2.o
         2          0          0          0          0          0   libshutdown.o
         2          0          0          0          0          0   libshutdown2.o
         8          4          0          0         96         68   libspace.o
       138          0          0          0          0         80   lludiv10.o
        16          4          0          0          0         76   rt_ctype_table.o
         8          4          0          0          0         68   rt_locale_intlibspace.o
        68          0          0          0          0         68   rt_memclr.o
        78          0          0          0          0         80   rt_memclr_w.o
       138          0          0          0          0         68   rt_memcpy_v6.o
       100          0          0          0          0         80   rt_memcpy_w.o
         2          0          0          0          0          0   rtexit.o
        10          0          0          0          0          0   rtexit2.o
       128          0          0          0          0         68   strcmpv7m.o
        62          0          0          0          0         76   strlen.o
        36          0          0          0          0         80   strstr.o
        12          4          0          0          0         68   sys_exit.o
        74          0          0          0          0         80   sys_stackheap_outer.o
         2          0          0          0          0         68   use_no_semi.o
       804         16          0          0          0        272   daddsub_clz.o
       688        140          0          0          0        208   ddiv.o
        46          0          0          0          0         68   dflt_clz.o
       340         12          0          0          0        104   dmul.o
       156          4          0          0          0         92   dnaninf.o
        12          0          0          0          0         68   dretinf.o
         4          0          0          0          0         68   printf1.o
         0          0          0          0          0          0   usenofp.o
        40          0          0          0          0         68   fpclassify.o

    ----------------------------------------------------------------------
      8580        436        516          0         96       5344   Library Totals
        22          0          3          0          0          0   (incl. Padding)

    ----------------------------------------------------------------------

      Code (inc. data)   RO Data    RW Data    ZI Data      Debug   Library Name

      6468        264        513          0         96       4396   c_w.l
      2050        172          0          0          0        880   fz_ws.l
        40          0          0          0          0         68   m_ws.l

    ----------------------------------------------------------------------
      8580        436        516          0         96       5344   Library Totals

    ----------------------------------------------------------------------

==============================================================================


      Code (inc. data)   RO Data    RW Data    ZI Data      Debug   

     27356       3338       1052        100      17252     319072   Grand Totals
     27356       3338       1052        100      17252     319072   ELF Image Totals
     27356       3338       1052        100          0          0   ROM Totals

==============================================================================

    Total RO  Size (Code + RO Data)                28408 (  27.74kB)
    Total RW  Size (RW Data + ZI Data)             17352 (  16.95kB)
    Total ROM Size (Code + RO Data + RW Data)      28508 (  27.84kB)

==============================================================================

